Computing main repo mapping: 
Loading: 
Loading: 0 packages loaded
Analyzing: target //:diag_manager (0 packages loaded, 0 targets configured)
Analyzing: target //:diag_manager (0 packages loaded, 0 targets configured)

INFO: Analyzed target //:diag_manager (0 packages loaded, 0 targets configured).
ERROR: /home/prathik/qnx800/QNX8_App/diag_app/BUILD:3:10: Compiling diag_main.cpp failed: (Exit 1): gcc failed: error executing CppCompile command (from cc_binary rule target //:diag_manager) /usr/bin/gcc -U_FORTIFY_SOURCE -fstack-protector -Wall -Wunused-but-set-parameter -Wno-free-nonheap-object -fno-omit-frame-pointer '-std=c++17' -MD -MF ... (remaining 44 arguments skipped)

Use --sandbox_debug to see verbose messages from the sandbox and retain the sandbox build root for debugging
In file included from /usr/include/c++/13/bits/localefwd.h:40,
                 from /usr/include/c++/13/ios:43,
                 from /usr/include/c++/13/ostream:40,
                 from /usr/include/c++/13/iostream:41,
                 from diag_main.cpp:8:
/usr/include/x86_64-linux-gnu/c++/13/bits/c++locale.h:52:23: error: 'uselocale' was not declared in this scope; did you mean 'setlocale'?
   52 |   extern "C" __typeof(uselocale) __uselocale;
      |                       ^~~~~~~~~
      |                       setlocale
/usr/include/x86_64-linux-gnu/c++/13/bits/c++locale.h:62:11: error: '__locale_t' does not name a type
   62 |   typedef __locale_t            __c_locale;
      |           ^~~~~~~~~~
/usr/include/x86_64-linux-gnu/c++/13/bits/c++locale.h:74:26: error: '__c_locale' does not name a type
   74 |   __convert_from_v(const __c_locale& __cloc __attribute__ ((__unused__)),
      |                          ^~~~~~~~~~
/usr/include/x86_64-linux-gnu/c++/13/bits/c++locale.h: In function 'int std::__convert_from_v(const int&, char*, int, const char*, ...)':
/usr/include/x86_64-linux-gnu/c++/13/bits/c++locale.h:80:5: error: '__c_locale' was not declared in this scope; did you mean '_Locale'?
   80 |     __c_locale __old = __gnu_cxx::__uselocale(__cloc);
      |     ^~~~~~~~~~
      |     _Locale
/usr/include/x86_64-linux-gnu/c++/13/bits/c++locale.h:105:28: error: '__old' was not declared in this scope
  105 |     __gnu_cxx::__uselocale(__old);
      |                            ^~~~~
/usr/include/x86_64-linux-gnu/c++/13/bits/c++locale.h:105:33: error: '__gnu_cxx::__uselocale' cannot be used as a function
  105 |     __gnu_cxx::__uselocale(__old);
      |                                 ^
In file included from /usr/include/c++/13/cstdlib:79,
                 from /usr/include/c++/13/ext/string_conversions.h:43,
                 from /usr/include/c++/13/bits/basic_string.h:4109,
                 from /usr/include/c++/13/string:54,
                 from /usr/include/c++/13/bits/locale_classes.h:40,
                 from /usr/include/c++/13/bits/ios_base.h:41,
                 from /usr/include/c++/13/ios:44:
/usr/include/stdlib.h: At global scope:
/usr/include/stdlib.h:98:45: error: expected initializer before '__THROW'
   98 | extern size_t __ctype_get_mb_cur_max (void) __THROW __wur;
      |                                             ^~~~~~~
/usr/include/stdlib.h:103:6: error: expected initializer before '__THROW'
  103 |      __THROW __attribute_pure__ __nonnull ((1)) __wur;
      |      ^~~~~~~
/usr/include/stdlib.h:106:6: error: expected initializer before '__THROW'
  106 |      __THROW __attribute_pure__ __nonnull ((1)) __wur;
      |      ^~~~~~~
/usr/include/stdlib.h:109:6: error: expected initializer before '__THROW'
  109 |      __THROW __attribute_pure__ __nonnull ((1)) __wur;
      |      ^~~~~~~
/usr/include/stdlib.h:114:6: error: expected initializer before '__THROW'
  114 |      __THROW __attribute_pure__ __nonnull ((1)) __wur;
      |      ^~~~~~~
/usr/include/stdlib.h:120:6: error: expected initializer before '__THROW'
  120 |      __THROW __nonnull ((1));
      |      ^~~~~~~
/usr/include/stdlib.h:125:50: error: expected initializer before '__THROW'
  125 |                      char **__restrict __endptr) __THROW __nonnull ((1));
      |                                                  ^~~~~~~
/usr/include/stdlib.h:129:6: error: expected initializer before '__THROW'
  129 |      __THROW __nonnull ((1));
      |      ^~~~~~~
/usr/include/stdlib.h:143:6: error: expected initializer before '__THROW'
  143 |      __THROW __nonnull ((1));
      |      ^~~~~~~
/usr/include/stdlib.h:149:6: error: expected initializer before '__THROW'
  149 |      __THROW __nonnull ((1));
      |      ^~~~~~~
/usr/include/stdlib.h:155:6: error: expected initializer before '__THROW'
  155 |      __THROW __nonnull ((1));
      |      ^~~~~~~
/usr/include/stdlib.h:161:6: error: expected initializer before '__THROW'
  161 |      __THROW __nonnull ((1));
      |      ^~~~~~~
/usr/include/stdlib.h:167:6: error: expected initializer before '__THROW'
  167 |      __THROW __nonnull ((1));
      |      ^~~~~~~
/usr/include/stdlib.h:179:6: error: expected initializer before '__THROW'
  179 |      __THROW __nonnull ((1));
      |      ^~~~~~~
/usr/include/stdlib.h:183:6: error: expected initializer before '__THROW'
  183 |      __THROW __nonnull ((1));
      |      ^~~~~~~
/usr/include/stdlib.h:190:6: error: expected initializer before '__THROW'
  190 |      __THROW __nonnull ((1));
      |      ^~~~~~~
/usr/include/stdlib.h:195:6: error: expected initializer before '__THROW'
  195 |      __THROW __nonnull ((1));
      |      ^~~~~~~
/usr/include/stdlib.h:203:6: error: expected initializer before '__THROW'
  203 |      __THROW __nonnull ((1));
      |      ^~~~~~~
/usr/include/stdlib.h:208:6: error: expected initializer before '__THROW'
  208 |      __THROW __nonnull ((1));
      |      ^~~~~~~
/usr/include/stdlib.h:251:6: error: expected initializer before '__THROW'
  251 |      __THROW __nonnull ((1));
      |      ^~~~~~~
/usr/include/stdlib.h:255:6: error: expected initializer before '__THROW'
  255 |      __THROW __nonnull ((1));
      |      ^~~~~~~
/usr/include/stdlib.h:259:6: error: expected initializer before '__THROW'
  259 |      __THROW __nonnull ((1));
      |      ^~~~~~~
/usr/include/stdlib.h:264:6: error: expected initializer before '__THROW'
  264 |      __THROW __nonnull ((1));
      |      ^~~~~~~
/usr/include/stdlib.h:280:6: error: expected initializer before '__THROW'
  280 |      __THROW __nonnull ((3));
      |      ^~~~~~~
/usr/include/stdlib.h:284:6: error: expected initializer before '__THROW'
  284 |      __THROW __nonnull ((3));
      |      ^~~~~~~
/usr/include/stdlib.h:288:6: error: expected initializer before '__THROW'
  288 |      __THROW __nonnull ((3));
      |      ^~~~~~~
/usr/include/stdlib.h:300:6: error: expected initializer before '__THROW'
  300 |      __THROW __nonnull ((3));
      |      ^~~~~~~
/usr/include/stdlib.h:306:6: error: expected initializer before '__THROW'
  306 |      __THROW __nonnull ((3));
      |      ^~~~~~~
/usr/include/stdlib.h:312:6: error: expected initializer before '__THROW'
  312 |      __THROW __nonnull ((3));
      |      ^~~~~~~
/usr/include/stdlib.h:318:6: error: expected initializer before '__THROW'
  318 |      __THROW __nonnull ((3));
      |      ^~~~~~~
/usr/include/stdlib.h:324:6: error: expected initializer before '__THROW'
  324 |      __THROW __nonnull ((3));
      |      ^~~~~~~
/usr/include/stdlib.h:342:43: error: expected initializer before '__THROW'
  342 |                           locale_t __loc) __THROW __nonnull ((1, 4));
      |                                           ^~~~~~~
/usr/include/stdlib.h:347:6: error: expected initializer before '__THROW'
  347 |      __THROW __nonnull ((1, 4));
      |      ^~~~~~~
/usr/include/stdlib.h:353:6: error: expected initializer before '__THROW'
  353 |      __THROW __nonnull ((1, 4));
      |      ^~~~~~~
/usr/include/stdlib.h:359:6: error: expected initializer before '__THROW'
  359 |      __THROW __nonnull ((1, 4));
      |      ^~~~~~~
/usr/include/stdlib.h:393:52: error: expected initializer before '__THROW'
  393 |                                    locale_t __loc) __THROW __nonnull ((1, 4));
      |                                                    ^~~~~~~
/usr/include/stdlib.h:397:6: error: expected initializer before '__THROW'
  397 |      __THROW __nonnull ((1, 4));
      |      ^~~~~~~
/usr/include/stdlib.h:402:6: error: expected initializer before '__THROW'
  402 |      __THROW __nonnull ((1, 4));
      |      ^~~~~~~
/usr/include/stdlib.h:407:6: error: expected initializer before '__THROW'
  407 |      __THROW __nonnull ((1, 4));
      |      ^~~~~~~
/usr/include/stdlib.h:417:6: error: expected initializer before '__THROW'
  417 |      __THROW __nonnull ((1, 3));
      |      ^~~~~~~
/usr/include/stdlib.h:421:6: error: expected initializer before '__THROW'
  421 |      __THROW __nonnull ((1, 3));
      |      ^~~~~~~
/usr/include/stdlib.h:426:6: error: expected initializer before '__THROW'
  426 |      __THROW __nonnull ((1, 3));
      |      ^~~~~~~
/usr/include/stdlib.h:439:6: error: expected initializer before '__THROW'
  439 |      __THROW __nonnull ((1, 3));
      |      ^~~~~~~
/usr/include/stdlib.h:446:6: error: expected initializer before '__THROW'
  446 |      __THROW __nonnull ((1, 3));
      |      ^~~~~~~
/usr/include/stdlib.h:453:6: error: expected initializer before '__THROW'
  453 |      __THROW __nonnull ((1, 3));
      |      ^~~~~~~
/usr/include/stdlib.h:460:6: error: expected initializer before '__THROW'
  460 |      __THROW __nonnull ((1, 3));
      |      ^~~~~~~
/usr/include/stdlib.h:467:6: error: expected initializer before '__THROW'
  467 |      __THROW __nonnull ((1, 3));
      |      ^~~~~~~
/usr/include/stdlib.h:505:34: error: expected initializer before '__THROW'
  505 | extern char *l64a (long int __n) __THROW __wur;
      |                                  ^~~~~~~
/usr/include/stdlib.h:509:6: error: expected initializer before '__THROW'
  509 |      __THROW __attribute_pure__ __nonnull ((1)) __wur;
      |      ^~~~~~~
/usr/include/stdlib.h:521:31: error: expected initializer before '__THROW'
  521 | extern long int random (void) __THROW;
      |                               ^~~~~~~
/usr/include/stdlib.h:524:43: error: expected initializer before '__THROW'
  524 | extern void srandom (unsigned int __seed) __THROW;
      |                                           ^~~~~~~
/usr/include/stdlib.h:531:44: error: expected initializer before '__THROW'
  531 |                         size_t __statelen) __THROW __nonnull ((2));
      |                                            ^~~~~~~
/usr/include/stdlib.h:535:42: error: expected initializer before '__THROW'
  535 | extern char *setstate (char *__statebuf) __THROW __nonnull ((1));
      |                                          ^~~~~~~
/usr/include/stdlib.h:545:5: error: 'int32_t' does not name a type
  545 |     int32_t *fptr;              /* Front pointer.  */
      |     ^~~~~~~
/usr/include/stdlib.h:339:1: note: 'int32_t' is defined in header '<cstdint>'; did you forget to '#include <cstdint>'?
  338 | # include <bits/types/locale_t.h>
  +++ |+#include <cstdint>
  339 | 
/usr/include/stdlib.h:546:5: error: 'int32_t' does not name a type
  546 |     int32_t *rptr;              /* Rear pointer.  */
      |     ^~~~~~~
/usr/include/stdlib.h:546:5: note: 'int32_t' is defined in header '<cstdint>'; did you forget to '#include <cstdint>'?
/usr/include/stdlib.h:547:5: error: 'int32_t' does not name a type
  547 |     int32_t *state;             /* Array of state values.  */
      |     ^~~~~~~
/usr/include/stdlib.h:547:5: note: 'int32_t' is defined in header '<cstdint>'; did you forget to '#include <cstdint>'?
/usr/include/stdlib.h:551:5: error: 'int32_t' does not name a type
  551 |     int32_t *end_ptr;           /* Pointer behind state table.  */
      |     ^~~~~~~
/usr/include/stdlib.h:551:5: note: 'int32_t' is defined in header '<cstdint>'; did you forget to '#include <cstdint>'?
/usr/include/stdlib.h:555:22: error: 'int32_t' has not been declared
  555 |                      int32_t *__restrict __result) __THROW __nonnull ((1, 2));
      |                      ^~~~~~~
/usr/include/stdlib.h:555:52: error: expected initializer before '__THROW'
  555 |                      int32_t *__restrict __result) __THROW __nonnull ((1, 2));
      |                                                    ^~~~~~~
/usr/include/stdlib.h:558:6: error: expected initializer before '__THROW'
  558 |      __THROW __nonnull ((2));
      |      ^~~~~~~
/usr/include/stdlib.h:563:6: error: expected initializer before '__THROW'
  563 |      __THROW __nonnull ((2, 4));
      |      ^~~~~~~
/usr/include/stdlib.h:567:6: error: expected initializer before '__THROW'
  567 |      __THROW __nonnull ((1, 2));
      |      ^~~~~~~
/usr/include/stdlib.h:573:24: error: expected initializer before '__THROW'
  573 | extern int rand (void) __THROW;
      |                        ^~~~~~~
/usr/include/stdlib.h:575:41: error: expected initializer before '__THROW'
  575 | extern void srand (unsigned int __seed) __THROW;
      |                                         ^~~~~~~
/usr/include/stdlib.h:579:42: error: expected initializer before '__THROW'
  579 | extern int rand_r (unsigned int *__seed) __THROW;
      |                                          ^~~~~~~
/usr/include/stdlib.h:587:30: error: expected initializer before '__THROW'
  587 | extern double drand48 (void) __THROW;
      |                              ^~~~~~~
/usr/include/stdlib.h:588:55: error: expected initializer before '__THROW'
  588 | extern double erand48 (unsigned short int __xsubi[3]) __THROW __nonnull ((1));
      |                                                       ^~~~~~~
/usr/include/stdlib.h:591:32: error: expected initializer before '__THROW'
  591 | extern long int lrand48 (void) __THROW;
      |                                ^~~~~~~
/usr/include/stdlib.h:593:6: error: expected initializer before '__THROW'
  593 |      __THROW __nonnull ((1));
      |      ^~~~~~~
/usr/include/stdlib.h:596:32: error: expected initializer before '__THROW'
  596 | extern long int mrand48 (void) __THROW;
      |                                ^~~~~~~
/usr/include/stdlib.h:598:6: error: expected initializer before '__THROW'
  598 |      __THROW __nonnull ((1));
      |      ^~~~~~~
/usr/include/stdlib.h:601:42: error: expected initializer before '__THROW'
  601 | extern void srand48 (long int __seedval) __THROW;
      |                                          ^~~~~~~
/usr/include/stdlib.h:603:6: error: expected initializer before '__THROW'
  603 |      __THROW __nonnull ((1));
      |      ^~~~~~~
/usr/include/stdlib.h:604:53: error: expected initializer before '__THROW'
  604 | extern void lcong48 (unsigned short int __param[7]) __THROW __nonnull ((1));
      |                                                     ^~~~~~~
/usr/include/stdlib.h:622:52: error: expected initializer before '__THROW'
  622 |                       double *__restrict __result) __THROW __nonnull ((1, 2));
      |                                                    ^~~~~~~
/usr/include/stdlib.h:625:52: error: expected initializer before '__THROW'
  625 |                       double *__restrict __result) __THROW __nonnull ((1, 2));
      |                                                    ^~~~~~~
/usr/include/stdlib.h:630:6: error: expected initializer before '__THROW'
  630 |      __THROW __nonnull ((1, 2));
      |      ^~~~~~~
/usr/include/stdlib.h:634:6: error: expected initializer before '__THROW'
  634 |      __THROW __nonnull ((1, 2));
      |      ^~~~~~~
/usr/include/stdlib.h:639:6: error: expected initializer before '__THROW'
  639 |      __THROW __nonnull ((1, 2));
      |      ^~~~~~~
/usr/include/stdlib.h:643:6: error: expected initializer before '__THROW'
  643 |      __THROW __nonnull ((1, 2));
      |      ^~~~~~~
/usr/include/stdlib.h:647:6: error: expected initializer before '__THROW'
  647 |      __THROW __nonnull ((2));
      |      ^~~~~~~
/usr/include/stdlib.h:650:53: error: expected initializer before '__THROW'
  650 |                      struct drand48_data *__buffer) __THROW __nonnull ((1, 2));
      |                                                     ^~~~~~~
/usr/include/stdlib.h:654:6: error: expected initializer before '__THROW'
  654 |      __THROW __nonnull ((1, 2));
      |      ^~~~~~~
/usr/include/stdlib.h:657:8: error: '__uint32_t' does not name a type; did you mean '__uint128_t'?
  657 | extern __uint32_t arc4random (void)
      |        ^~~~~~~~~~
      |        __uint128_t
/usr/include/stdlib.h:662:6: error: expected initializer before '__THROW'
  662 |      __THROW __nonnull ((1));
      |      ^~~~~~~
/usr/include/stdlib.h:666:8: error: '__uint32_t' does not name a type; did you mean '__uint128_t'?
  666 | extern __uint32_t arc4random_uniform (__uint32_t __upper_bound)
      |        ^~~~~~~~~~
      |        __uint128_t
/usr/include/stdlib.h:672:37: error: expected initializer before '__THROW'
  672 | extern void *malloc (size_t __size) __THROW __attribute_malloc__
      |                                     ^~~~~~~
/usr/include/stdlib.h:676:6: error: expected initializer before '__THROW'
  676 |      __THROW __attribute_malloc__ __attribute_alloc_size__ ((1, 2)) __wur;
      |      ^~~~~~~
/usr/include/stdlib.h:684:6: error: expected initializer before '__THROW'
  684 |      __THROW __attribute_warn_unused_result__ __attribute_alloc_size__ ((2));
      |      ^~~~~~~
/usr/include/stdlib.h:687:32: error: expected initializer before '__THROW'
  687 | extern void free (void *__ptr) __THROW;
      |                                ^~~~~~~
/usr/include/stdlib.h:696:6: error: expected initializer before '__THROW'
  696 |      __THROW __attribute_warn_unused_result__
      |      ^~~~~~~
/usr/include/stdlib.h:702:6: error: expected initializer before '__THROW'
  702 |      __THROW __attr_dealloc (reallocarray, 1);
      |      ^~~~~~~
/usr/include/stdlib.h:712:37: error: expected initializer before '__THROW'
  712 | extern void *valloc (size_t __size) __THROW __attribute_malloc__
      |                                     ^~~~~~~
/usr/include/stdlib.h:719:6: error: expected initializer before '__THROW'
  719 |      __THROW __nonnull ((1)) __wur;
      |      ^~~~~~~
/usr/include/stdlib.h:725:6: error: expected initializer before '__THROW'
  725 |      __THROW __attribute_malloc__ __attribute_alloc_align__ ((1))
      |      ^~~~~~~
/usr/include/stdlib.h:730:26: error: expected initializer before '__THROW'
  730 | extern void abort (void) __THROW __attribute__ ((__noreturn__));
      |                          ^~~~~~~
/usr/include/stdlib.h:734:43: error: expected initializer before '__THROW'
  734 | extern int atexit (void (*__func) (void)) __THROW __nonnull ((1));
      |                                           ^~~~~~~
/usr/include/stdlib.h:740:6: error: expected initializer before '__THROW'
  740 |      __THROW __asm ("at_quick_exit") __nonnull ((1));
      |      ^~~~~~~
/usr/include/stdlib.h:750:6: error: expected initializer before '__THROW'
  750 |      __THROW __nonnull ((1));
      |      ^~~~~~~
/usr/include/stdlib.h:756:33: error: expected initializer before '__THROW'
  756 | extern void exit (int __status) __THROW __attribute__ ((__noreturn__));
      |                                 ^~~~~~~
/usr/include/stdlib.h:762:39: error: expected initializer before '__THROW'
  762 | extern void quick_exit (int __status) __THROW __attribute__ ((__noreturn__));
      |                                       ^~~~~~~
/usr/include/stdlib.h:768:34: error: expected initializer before '__THROW'
  768 | extern void _Exit (int __status) __THROW __attribute__ ((__noreturn__));
      |                                  ^~~~~~~
/usr/include/stdlib.h:773:42: error: expected initializer before '__THROW'
  773 | extern char *getenv (const char *__name) __THROW __nonnull ((1)) __wur;
      |                                          ^~~~~~~
/usr/include/stdlib.h:779:6: error: expected initializer before '__THROW'
  779 |      __THROW __nonnull ((1)) __wur;
      |      ^~~~~~~
/usr/include/stdlib.h:786:36: error: expected initializer before '__THROW'
  786 | extern int putenv (char *__string) __THROW __nonnull ((1));
      |                                    ^~~~~~~
/usr/include/stdlib.h:793:6: error: expected initializer before '__THROW'
  793 |      __THROW __nonnull ((2));
      |      ^~~~~~~
/usr/include/stdlib.h:796:42: error: expected initializer before '__THROW'
  796 | extern int unsetenv (const char *__name) __THROW __nonnull ((1));
      |                                          ^~~~~~~
/usr/include/stdlib.h:803:28: error: expected initializer before '__THROW'
  803 | extern int clearenv (void) __THROW;
      |                            ^~~~~~~
/usr/include/stdlib.h:814:40: error: expected initializer before '__THROW'
  814 | extern char *mktemp (char *__template) __THROW __nonnull ((1));
      |                                        ^~~~~~~
/usr/include/stdlib.h:827:39: error: expected initializer before '__nonnull'
  827 | extern int mkstemp (char *__template) __nonnull ((1)) __wur;
      |                                       ^~~~~~~~~
/usr/include/stdlib.h:837:41: error: expected initializer before '__nonnull'
  837 | extern int mkstemp64 (char *__template) __nonnull ((1)) __wur;
      |                                         ^~~~~~~~~
/usr/include/stdlib.h:849:57: error: expected initializer before '__nonnull'
  849 | extern int mkstemps (char *__template, int __suffixlen) __nonnull ((1)) __wur;
      |                                                         ^~~~~~~~~
/usr/include/stdlib.h:860:6: error: expected initializer before '__nonnull'
  860 |      __nonnull ((1)) __wur;
      |      ^~~~~~~~~
/usr/include/stdlib.h:870:41: error: expected initializer before '__THROW'
  870 | extern char *mkdtemp (char *__template) __THROW __nonnull ((1)) __wur;
      |                                         ^~~~~~~
/usr/include/stdlib.h:881:53: error: expected initializer before '__nonnull'
  881 | extern int mkostemp (char *__template, int __flags) __nonnull ((1)) __wur;
      |                                                     ^~~~~~~~~
/usr/include/stdlib.h:891:55: error: expected initializer before '__nonnull'
  891 | extern int mkostemp64 (char *__template, int __flags) __nonnull ((1)) __wur;
      |                                                       ^~~~~~~~~
/usr/include/stdlib.h:902:6: error: expected initializer before '__nonnull'
  902 |      __nonnull ((1)) __wur;
      |      ^~~~~~~~~
/usr/include/stdlib.h:914:6: error: expected initializer before '__nonnull'
  914 |      __nonnull ((1)) __wur;
      |      ^~~~~~~~~
/usr/include/stdlib.h:923:43: error: expected initializer before '__wur'
  923 | extern int system (const char *__command) __wur;
      |                                           ^~~~~
/usr/include/stdlib.h:930:6: error: expected initializer before '__THROW'
  930 |      __THROW __nonnull ((1)) __attribute_malloc__
      |      ^~~~~~~
/usr/include/stdlib.h:941:53: error: expected initializer before '__THROW'
  941 |                        char *__restrict __resolved) __THROW __wur;
      |                                                     ^~~~~~~
/usr/include/stdlib.h:962:6: error: expected initializer before '__nonnull'
  962 |      __nonnull ((1, 2, 5)) __wur;
      |      ^~~~~~~~~
/usr/include/stdlib.h:971:44: error: expected initializer before '__nonnull'
  971 |                    __compar_fn_t __compar) __nonnull ((1, 4));
      |                                            ^~~~~~~~~
/usr/include/stdlib.h:975:3: error: expected initializer before '__nonnull'
  975 |   __nonnull ((1, 4));
      |   ^~~~~~~~~
/usr/include/stdlib.h:980:26: error: expected initializer before '__THROW'
  980 | extern int abs (int __x) __THROW __attribute__ ((__const__)) __wur;
      |                          ^~~~~~~
/usr/include/stdlib.h:981:37: error: expected initializer before '__THROW'
  981 | extern long int labs (long int __x) __THROW __attribute__ ((__const__)) __wur;
      |                                     ^~~~~~~
/usr/include/stdlib.h:985:6: error: expected initializer before '__THROW'
  985 |      __THROW __attribute__ ((__const__)) __wur;
      |      ^~~~~~~
/usr/include/stdlib.h:993:6: error: expected initializer before '__THROW'
  993 |      __THROW __attribute__ ((__const__)) __wur;
      |      ^~~~~~~
/usr/include/stdlib.h:995:6: error: expected initializer before '__THROW'
  995 |      __THROW __attribute__ ((__const__)) __wur;
      |      ^~~~~~~
/usr/include/stdlib.h:1000:6: error: expected initializer before '__THROW'
 1000 |      __THROW __attribute__ ((__const__)) __wur;
      |      ^~~~~~~
/usr/include/stdlib.h:1013:44: error: expected initializer before '__THROW'
 1013 |                    int *__restrict __sign) __THROW __nonnull ((3, 4)) __wur;
      |                                            ^~~~~~~
/usr/include/stdlib.h:1019:44: error: expected initializer before '__THROW'
 1019 |                    int *__restrict __sign) __THROW __nonnull ((3, 4)) __wur;
      |                                            ^~~~~~~
/usr/include/stdlib.h:1025:6: error: expected initializer before '__THROW'
 1025 |      __THROW __nonnull ((3)) __wur;
      |      ^~~~~~~
/usr/include/stdlib.h:1032:6: error: expected initializer before '__THROW'
 1032 |      __THROW __nonnull ((3, 4)) __wur;
      |      ^~~~~~~
/usr/include/stdlib.h:1035:6: error: expected initializer before '__THROW'
 1035 |      __THROW __nonnull ((3, 4)) __wur;
      |      ^~~~~~~
/usr/include/stdlib.h:1037:6: error: expected initializer before '__THROW'
 1037 |      __THROW __nonnull ((3)) __wur;
      |      ^~~~~~~
/usr/include/stdlib.h:1044:34: error: expected initializer before '__THROW'
 1044 |                    size_t __len) __THROW __nonnull ((3, 4, 5));
      |                                  ^~~~~~~
/usr/include/stdlib.h:1047:34: error: expected initializer before '__THROW'
 1047 |                    size_t __len) __THROW __nonnull ((3, 4, 5));
      |                                  ^~~~~~~
/usr/include/stdlib.h:1052:6: error: expected initializer before '__THROW'
 1052 |      __THROW __nonnull ((3, 4, 5));
      |      ^~~~~~~
/usr/include/stdlib.h:1056:6: error: expected initializer before '__THROW'
 1056 |      __THROW __nonnull ((3, 4, 5));
      |      ^~~~~~~
/usr/include/stdlib.h:1062:48: error: expected initializer before '__THROW'
 1062 | extern int mblen (const char *__s, size_t __n) __THROW;
      |                                                ^~~~~~~
/usr/include/stdlib.h:1066:60: error: expected initializer before '__THROW'
 1066 |                    const char *__restrict __s, size_t __n) __THROW;
      |                                                            ^~~~~~~
/usr/include/stdlib.h:1069:48: error: expected initializer before '__THROW'
 1069 | extern int wctomb (char *__s, wchar_t __wchar) __THROW;
      |                                                ^~~~~~~
/usr/include/stdlib.h:1074:65: error: expected initializer before '__THROW'
 1074 |                         const char *__restrict __s, size_t __n) __THROW
      |                                                                 ^~~~~~~
/usr/include/stdlib.h:1079:6: error: expected initializer before '__THROW'
 1079 |      __THROW
      |      ^~~~~~~
/usr/include/stdlib.h:1088:45: error: expected initializer before '__THROW'
 1088 | extern int rpmatch (const char *__response) __THROW __nonnull ((1)) __wur;
      |                                             ^~~~~~~
/usr/include/stdlib.h:1102:6: error: expected initializer before '__THROW'
 1102 |      __THROW __nonnull ((1, 2, 3)) __wur;
      |      ^~~~~~~
/usr/include/stdlib.h:1110:39: error: expected initializer before '__wur'
 1110 | extern int posix_openpt (int __oflag) __wur;
      |                                       ^~~~~
/usr/include/stdlib.h:1118:31: error: expected initializer before '__THROW'
 1118 | extern int grantpt (int __fd) __THROW;
      |                               ^~~~~~~
/usr/include/stdlib.h:1122:32: error: expected initializer before '__THROW'
 1122 | extern int unlockpt (int __fd) __THROW;
      |                                ^~~~~~~
/usr/include/stdlib.h:1127:33: error: expected initializer before '__THROW'
 1127 | extern char *ptsname (int __fd) __THROW __wur;
      |                                 ^~~~~~~
/usr/include/stdlib.h:1135:6: error: expected initializer before '__THROW'
 1135 |      __THROW __nonnull ((2)) __fortified_attr_access (__write_only__, 2, 3);
      |      ^~~~~~~
/usr/include/stdlib.h:1146:6: error: expected initializer before '__THROW'
 1146 |      __THROW __nonnull ((1));
      |      ^~~~~~~
In file included from /usr/include/c++/13/cstdlib:81:
/usr/include/c++/13/bits/std_abs.h:52:11: error: 'abs' has not been declared in '::'
   52 |   using ::abs;
      |           ^~~
/usr/include/c++/13/cstdlib:134:11: error: 'abort' has not been declared in '::'
  134 |   using ::abort;
      |           ^~~~~
/usr/include/c++/13/cstdlib:136:11: error: 'aligned_alloc' has not been declared in '::'
  136 |   using ::aligned_alloc;
      |           ^~~~~~~~~~~~~
/usr/include/c++/13/cstdlib:138:11: error: 'atexit' has not been declared in '::'
  138 |   using ::atexit;
      |           ^~~~~~
/usr/include/c++/13/cstdlib:141:11: error: 'at_quick_exit' has not been declared in '::'
  141 |   using ::at_quick_exit;
      |           ^~~~~~~~~~~~~
/usr/include/c++/13/cstdlib:144:11: error: 'atof' has not been declared in '::'
  144 |   using ::atof;
      |           ^~~~
/usr/include/c++/13/cstdlib:145:11: error: 'atoi' has not been declared in '::'
  145 |   using ::atoi;
      |           ^~~~
/usr/include/c++/13/cstdlib:146:11: error: 'atol' has not been declared in '::'
  146 |   using ::atol;
      |           ^~~~
/usr/include/c++/13/cstdlib:147:11: error: 'bsearch' has not been declared in '::'
  147 |   using ::bsearch;
      |           ^~~~~~~
/usr/include/c++/13/cstdlib:148:11: error: 'calloc' has not been declared in '::'
  148 |   using ::calloc;
      |           ^~~~~~
/usr/include/c++/13/cstdlib:149:11: error: 'div' has not been declared in '::'
  149 |   using ::div;
      |           ^~~
/usr/include/c++/13/cstdlib:150:11: error: 'exit' has not been declared in '::'
  150 |   using ::exit;
      |           ^~~~
/usr/include/c++/13/cstdlib:151:11: error: 'free' has not been declared in '::'
  151 |   using ::free;
      |           ^~~~
/usr/include/c++/13/cstdlib:152:11: error: 'getenv' has not been declared in '::'
  152 |   using ::getenv;
      |           ^~~~~~
/usr/include/c++/13/cstdlib:153:11: error: 'labs' has not been declared in '::'
  153 |   using ::labs;
      |           ^~~~
/usr/include/c++/13/cstdlib:154:11: error: 'ldiv' has not been declared in '::'
  154 |   using ::ldiv;
      |           ^~~~
/usr/include/c++/13/cstdlib:155:11: error: 'malloc' has not been declared in '::'
  155 |   using ::malloc;
      |           ^~~~~~
/usr/include/c++/13/cstdlib:157:11: error: 'mblen' has not been declared in '::'
  157 |   using ::mblen;
      |           ^~~~~
/usr/include/c++/13/cstdlib:158:11: error: 'mbstowcs' has not been declared in '::'
  158 |   using ::mbstowcs;
      |           ^~~~~~~~
/usr/include/c++/13/cstdlib:159:11: error: 'mbtowc' has not been declared in '::'
  159 |   using ::mbtowc;
      |           ^~~~~~
/usr/include/c++/13/cstdlib:161:11: error: 'qsort' has not been declared in '::'
  161 |   using ::qsort;
      |           ^~~~~
/usr/include/c++/13/cstdlib:164:11: error: 'quick_exit' has not been declared in '::'
  164 |   using ::quick_exit;
      |           ^~~~~~~~~~
/usr/include/c++/13/cstdlib:167:11: error: 'rand' has not been declared in '::'
  167 |   using ::rand;
      |           ^~~~
/usr/include/c++/13/cstdlib:168:11: error: 'realloc' has not been declared in '::'
  168 |   using ::realloc;
      |           ^~~~~~~
/usr/include/c++/13/cstdlib:169:11: error: 'srand' has not been declared in '::'
  169 |   using ::srand;
      |           ^~~~~
/usr/include/c++/13/cstdlib:170:11: error: 'strtod' has not been declared in '::'
  170 |   using ::strtod;
      |           ^~~~~~
/usr/include/c++/13/cstdlib:171:11: error: 'strtol' has not been declared in '::'
  171 |   using ::strtol;
      |           ^~~~~~
/usr/include/c++/13/cstdlib:172:11: error: 'strtoul' has not been declared in '::'
  172 |   using ::strtoul;
      |           ^~~~~~~
/usr/include/c++/13/cstdlib:173:11: error: 'system' has not been declared in '::'
  173 |   using ::system;
      |           ^~~~~~
/usr/include/c++/13/cstdlib:175:11: error: 'wcstombs' has not been declared in '::'
  175 |   using ::wcstombs;
      |           ^~~~~~~~
/usr/include/c++/13/cstdlib:176:11: error: 'wctomb' has not been declared in '::'
  176 |   using ::wctomb;
      |           ^~~~~~
/usr/include/c++/13/cstdlib: In function 'ldiv_t std::div(long int, long int)':
/usr/include/c++/13/cstdlib:181:53: error: 'ldiv' was not declared in this scope; did you mean 'div'?
  181 |   div(long __i, long __j) _GLIBCXX_NOTHROW { return ldiv(__i, __j); }
      |                                                     ^~~~
      |                                                     div
/usr/include/c++/13/cstdlib: At global scope:
/usr/include/c++/13/cstdlib:210:11: error: '_Exit' has not been declared in '::'
  210 |   using ::_Exit;
      |           ^~~~~
/usr/include/c++/13/cstdlib:214:11: error: 'llabs' has not been declared in '::'
  214 |   using ::llabs;
      |           ^~~~~
/usr/include/c++/13/cstdlib:220:11: error: 'lldiv' has not been declared in '::'
  220 |   using ::lldiv;
      |           ^~~~~
/usr/include/c++/13/cstdlib:231:11: error: 'atoll' has not been declared in '::'
  231 |   using ::atoll;
      |           ^~~~~
/usr/include/c++/13/cstdlib:232:11: error: 'strtoll' has not been declared in '::'
  232 |   using ::strtoll;
      |           ^~~~~~~
/usr/include/c++/13/cstdlib:233:11: error: 'strtoull' has not been declared in '::'
  233 |   using ::strtoull;
      |           ^~~~~~~~
/usr/include/c++/13/cstdlib:235:11: error: 'strtof' has not been declared in '::'
  235 |   using ::strtof;
      |           ^~~~~~
/usr/include/c++/13/cstdlib:236:11: error: 'strtold' has not been declared in '::'
  236 |   using ::strtold;
      |           ^~~~~~~
/usr/include/c++/13/cstdlib:246:22: error: '_Exit' has not been declared in '__gnu_cxx'
  246 |   using ::__gnu_cxx::_Exit;
      |                      ^~~~~
/usr/include/c++/13/cstdlib:248:22: error: 'llabs' has not been declared in '__gnu_cxx'
  248 |   using ::__gnu_cxx::llabs;
      |                      ^~~~~
/usr/include/c++/13/cstdlib:250:22: error: 'lldiv' has not been declared in '__gnu_cxx'
  250 |   using ::__gnu_cxx::lldiv;
      |                      ^~~~~
/usr/include/c++/13/cstdlib:252:22: error: 'atoll' has not been declared in '__gnu_cxx'
  252 |   using ::__gnu_cxx::atoll;
      |                      ^~~~~
/usr/include/c++/13/cstdlib:253:22: error: 'strtof' has not been declared in '__gnu_cxx'
  253 |   using ::__gnu_cxx::strtof;
      |                      ^~~~~~
/usr/include/c++/13/cstdlib:254:22: error: 'strtoll' has not been declared in '__gnu_cxx'
  254 |   using ::__gnu_cxx::strtoll;
      |                      ^~~~~~~
/usr/include/c++/13/cstdlib:255:22: error: 'strtoull' has not been declared in '__gnu_cxx'
  255 |   using ::__gnu_cxx::strtoull;
      |                      ^~~~~~~~
/usr/include/c++/13/cstdlib:256:22: error: 'strtold' has not been declared in '__gnu_cxx'
  256 |   using ::__gnu_cxx::strtold;
      |                      ^~~~~~~
/usr/include/c++/13/bits/basic_string.h: In function 'int std::__cxx11::stoi(const std::string&, std::size_t*, int)':
/usr/include/c++/13/bits/basic_string.h:4121:47: error: 'strtol' is not a member of 'std'
 4121 |   { return __gnu_cxx::__stoa<long, int>(&std::strtol, "stoi", __str.c_str(),
      |                                               ^~~~~~
/usr/include/c++/13/bits/basic_string.h: In function 'long int std::__cxx11::stol(const std::string&, std::size_t*, int)':
/usr/include/c++/13/bits/basic_string.h:4126:36: error: 'strtol' is not a member of 'std'
 4126 |   { return __gnu_cxx::__stoa(&std::strtol, "stol", __str.c_str(),
      |                                    ^~~~~~
/usr/include/c++/13/bits/basic_string.h: In function 'long unsigned int std::__cxx11::stoul(const std::string&, std::size_t*, int)':
/usr/include/c++/13/bits/basic_string.h:4131:36: error: 'strtoul' is not a member of 'std'
 4131 |   { return __gnu_cxx::__stoa(&std::strtoul, "stoul", __str.c_str(),
      |                                    ^~~~~~~
/usr/include/c++/13/bits/basic_string.h: In function 'long long int std::__cxx11::stoll(const std::string&, std::size_t*, int)':
/usr/include/c++/13/bits/basic_string.h:4136:36: error: 'strtoll' is not a member of 'std'
 4136 |   { return __gnu_cxx::__stoa(&std::strtoll, "stoll", __str.c_str(),
      |                                    ^~~~~~~
/usr/include/c++/13/bits/basic_string.h: In function 'long long unsigned int std::__cxx11::stoull(const std::string&, std::size_t*, int)':
/usr/include/c++/13/bits/basic_string.h:4141:36: error: 'strtoull' is not a member of 'std'
 4141 |   { return __gnu_cxx::__stoa(&std::strtoull, "stoull", __str.c_str(),
      |                                    ^~~~~~~~
/usr/include/c++/13/bits/basic_string.h: In function 'float std::__cxx11::stof(const std::string&, std::size_t*)':
/usr/include/c++/13/bits/basic_string.h:4147:36: error: 'strtof' is not a member of 'std'
 4147 |   { return __gnu_cxx::__stoa(&std::strtof, "stof", __str.c_str(), __idx); }
      |                                    ^~~~~~
/usr/include/c++/13/bits/basic_string.h: In function 'double std::__cxx11::stod(const std::string&, std::size_t*)':
/usr/include/c++/13/bits/basic_string.h:4151:36: error: 'strtod' is not a member of 'std'
 4151 |   { return __gnu_cxx::__stoa(&std::strtod, "stod", __str.c_str(), __idx); }
      |                                    ^~~~~~
/usr/include/c++/13/bits/basic_string.h: In function 'long double std::__cxx11::stold(const std::string&, std::size_t*)':
/usr/include/c++/13/bits/basic_string.h:4155:36: error: 'strtold' is not a member of 'std'
 4155 |   { return __gnu_cxx::__stoa(&std::strtold, "stold", __str.c_str(), __idx); }
      |                                    ^~~~~~~
/usr/include/c++/13/bits/locale_classes.h: At global scope:
/usr/include/c++/13/bits/locale_classes.h:386:12: error: '__c_locale' does not name a type; did you mean 'locale'?
  386 |     static __c_locale                   _S_c_locale;
      |            ^~~~~~~~~~
      |            locale
/usr/include/c++/13/bits/locale_classes.h:417:24: error: '__c_locale' has not been declared
  417 |     _S_create_c_locale(__c_locale& __cloc, const char* __s,
      |                        ^~~~~~~~~~
/usr/include/c++/13/bits/locale_classes.h:418:24: error: '__c_locale' has not been declared
  418 |                        __c_locale __old = 0);
      |                        ^~~~~~~~~~
/usr/include/c++/13/bits/locale_classes.h:420:12: error: '__c_locale' does not name a type; did you mean 'locale'?
  420 |     static __c_locale
      |            ^~~~~~~~~~
      |            locale
/usr/include/c++/13/bits/locale_classes.h:424:25: error: '__c_locale' has not been declared
  424 |     _S_destroy_c_locale(__c_locale& __cloc);
      |                         ^~~~~~~~~~
/usr/include/c++/13/bits/locale_classes.h:426:12: error: '__c_locale' does not name a type; did you mean 'locale'?
  426 |     static __c_locale
      |            ^~~~~~~~~~
      |            locale
/usr/include/c++/13/bits/locale_classes.h:431:12: error: '__c_locale' does not name a type; did you mean 'locale'?
  431 |     static __c_locale
      |            ^~~~~~~~~~
      |            locale
/usr/include/c++/13/bits/locale_classes.h:673:7: error: '__c_locale' does not name a type; did you mean 'locale'?
  673 |       __c_locale                        _M_c_locale_collate;
      |       ^~~~~~~~~~
      |       locale
/usr/include/c++/13/bits/locale_classes.h:701:25: error: expected ')' before '__cloc'
  701 |       collate(__c_locale __cloc, size_t __refs = 0)
      |              ~          ^~~~~~~
      |                         )
/usr/include/c++/13/bits/locale_classes.h: In constructor 'std::__cxx11::collate<_CharT>::collate(std::size_t)':
/usr/include/c++/13/bits/locale_classes.h:688:24: error: class 'std::__cxx11::collate<_CharT>' does not have any field named '_M_c_locale_collate'
  688 |       : facet(__refs), _M_c_locale_collate(_S_get_c_locale())
      |                        ^~~~~~~~~~~~~~~~~~~
/usr/include/c++/13/bits/locale_classes.h:688:44: error: there are no arguments to '_S_get_c_locale' that depend on a template parameter, so a declaration of '_S_get_c_locale' must be available [-fpermissive]
  688 |       : facet(__refs), _M_c_locale_collate(_S_get_c_locale())
      |                                            ^~~~~~~~~~~~~~~
/usr/include/c++/13/bits/locale_classes.h:688:44: note: (if you use '-fpermissive', G++ will accept your code, but allowing the use of an undeclared name is deprecated)
/usr/include/c++/13/bits/locale_classes.h: In destructor 'virtual std::__cxx11::collate<_CharT>::~collate()':
/usr/include/c++/13/bits/locale_classes.h:765:29: error: '_M_c_locale_collate' was not declared in this scope
  765 |       { _S_destroy_c_locale(_M_c_locale_collate); }
      |                             ^~~~~~~~~~~~~~~~~~~
In file included from /usr/include/c++/13/bits/locale_facets.h:41,
                 from /usr/include/c++/13/bits/basic_ios.h:37,
                 from /usr/include/c++/13/ios:46:
/usr/include/x86_64-linux-gnu/c++/13/bits/ctype_base.h: At global scope:
/usr/include/x86_64-linux-gnu/c++/13/bits/ctype_base.h:49:35: error: '_ISupper' was not declared in this scope; did you mean 'isupper'?
   49 |     static const mask upper     = _ISupper;
      |                                   ^~~~~~~~
      |                                   isupper
/usr/include/x86_64-linux-gnu/c++/13/bits/ctype_base.h:50:35: error: '_ISlower' was not declared in this scope; did you mean 'islower'?
   50 |     static const mask lower     = _ISlower;
      |                                   ^~~~~~~~
      |                                   islower
/usr/include/x86_64-linux-gnu/c++/13/bits/ctype_base.h:51:35: error: '_ISalpha' was not declared in this scope; did you mean 'isalpha'?
   51 |     static const mask alpha     = _ISalpha;
      |                                   ^~~~~~~~
      |                                   isalpha
/usr/include/x86_64-linux-gnu/c++/13/bits/ctype_base.h:52:35: error: '_ISdigit' was not declared in this scope; did you mean 'isdigit'?
   52 |     static const mask digit     = _ISdigit;
      |                                   ^~~~~~~~
      |                                   isdigit
/usr/include/x86_64-linux-gnu/c++/13/bits/ctype_base.h:53:35: error: '_ISxdigit' was not declared in this scope; did you mean 'isxdigit'?
   53 |     static const mask xdigit    = _ISxdigit;
      |                                   ^~~~~~~~~
      |                                   isxdigit
/usr/include/x86_64-linux-gnu/c++/13/bits/ctype_base.h:54:35: error: '_ISspace' was not declared in this scope; did you mean 'isspace'?
   54 |     static const mask space     = _ISspace;
      |                                   ^~~~~~~~
      |                                   isspace
/usr/include/x86_64-linux-gnu/c++/13/bits/ctype_base.h:55:35: error: '_ISprint' was not declared in this scope; did you mean 'isprint'?
   55 |     static const mask print     = _ISprint;
      |                                   ^~~~~~~~
      |                                   isprint
/usr/include/x86_64-linux-gnu/c++/13/bits/ctype_base.h:56:35: error: '_ISalpha' was not declared in this scope; did you mean 'isalpha'?
   56 |     static const mask graph     = _ISalpha | _ISdigit | _ISpunct;
      |                                   ^~~~~~~~
      |                                   isalpha
/usr/include/x86_64-linux-gnu/c++/13/bits/ctype_base.h:56:46: error: '_ISdigit' was not declared in this scope; did you mean 'isdigit'?
   56 |     static const mask graph     = _ISalpha | _ISdigit | _ISpunct;
      |                                              ^~~~~~~~
      |                                              isdigit
/usr/include/x86_64-linux-gnu/c++/13/bits/ctype_base.h:56:57: error: '_ISpunct' was not declared in this scope; did you mean 'ispunct'?
   56 |     static const mask graph     = _ISalpha | _ISdigit | _ISpunct;
      |                                                         ^~~~~~~~
      |                                                         ispunct
/usr/include/x86_64-linux-gnu/c++/13/bits/ctype_base.h:57:35: error: '_IScntrl' was not declared in this scope; did you mean 'iscntrl'?
   57 |     static const mask cntrl     = _IScntrl;
      |                                   ^~~~~~~~
      |                                   iscntrl
/usr/include/x86_64-linux-gnu/c++/13/bits/ctype_base.h:58:35: error: '_ISpunct' was not declared in this scope; did you mean 'ispunct'?
   58 |     static const mask punct     = _ISpunct;
      |                                   ^~~~~~~~
      |                                   ispunct
/usr/include/x86_64-linux-gnu/c++/13/bits/ctype_base.h:59:35: error: '_ISalpha' was not declared in this scope; did you mean 'isalpha'?
   59 |     static const mask alnum     = _ISalpha | _ISdigit;
      |                                   ^~~~~~~~
      |                                   isalpha
/usr/include/x86_64-linux-gnu/c++/13/bits/ctype_base.h:59:46: error: '_ISdigit' was not declared in this scope; did you mean 'isdigit'?
   59 |     static const mask alnum     = _ISalpha | _ISdigit;
      |                                              ^~~~~~~~
      |                                              isdigit
/usr/include/x86_64-linux-gnu/c++/13/bits/ctype_base.h:61:35: error: '_ISblank' was not declared in this scope; did you mean 'isblank'?
   61 |     static const mask blank     = _ISblank;
      |                                   ^~~~~~~~
      |                                   isblank
/usr/include/c++/13/bits/locale_facets.h:77:26: error: '__c_locale' does not name a type; did you mean 'locale'?
   77 |                    const __c_locale&) throw();
      |                          ^~~~~~~~~~
      |                          locale
/usr/include/c++/13/bits/locale_facets.h:83:26: error: '__c_locale' does not name a type; did you mean 'locale'?
   83 |                    const __c_locale&) throw();
      |                          ^~~~~~~~~~
      |                          locale
/usr/include/c++/13/bits/locale_facets.h:88:26: error: '__c_locale' does not name a type; did you mean 'locale'?
   88 |                    const __c_locale&) throw();
      |                          ^~~~~~~~~~
      |                          locale
/usr/include/c++/13/bits/locale_facets.h:93:26: error: '__c_locale' does not name a type; did you mean 'locale'?
   93 |                    const __c_locale&) throw();
      |                          ^~~~~~~~~~
      |                          locale
/usr/include/c++/13/bits/locale_facets.h:698:7: error: '__c_locale' does not name a type; did you mean 'locale'?
  698 |       __c_locale                _M_c_locale_ctype;
      |       ^~~~~~~~~~
      |       locale
/usr/include/c++/13/bits/locale_facets.h:739:23: error: expected ')' before '__cloc'
  739 |       ctype(__c_locale __cloc, const mask* __table = 0, bool __del = false,
      |            ~          ^~~~~~~
      |                       )
/usr/include/c++/13/bits/locale_facets.h:1203:7: error: '__c_locale' does not name a type; did you mean 'locale'?
 1203 |       __c_locale                _M_c_locale_ctype;
      |       ^~~~~~~~~~
      |       locale
/usr/include/c++/13/bits/locale_facets.h:1238:23: error: expected ')' before '__cloc'
 1238 |       ctype(__c_locale __cloc, size_t __refs = 0);
      |            ~          ^~~~~~~
      |                       )
/usr/include/c++/13/bits/locale_facets.h:1730:26: error: expected ')' before '__cloc'
 1730 |       numpunct(__c_locale __cloc, size_t __refs = 0)
      |               ~          ^~~~~~~
      |                          )
/usr/include/c++/13/bits/locale_facets.h:1887:30: error: '__c_locale' has not been declared
 1887 |       _M_initialize_numpunct(__c_locale __cloc = 0);
      |                              ^~~~~~~~~~
/usr/include/c++/13/bits/locale_facets.h:1898:5: error: variable or field '_M_initialize_numpunct' declared void
 1898 |     numpunct<char>::_M_initialize_numpunct(__c_locale __cloc);
      |     ^~~~~~~~~~~~~~
/usr/include/c++/13/bits/locale_facets.h:1898:44: error: '__c_locale' was not declared in this scope; did you mean '_Locale'?
 1898 |     numpunct<char>::_M_initialize_numpunct(__c_locale __cloc);
      |                                            ^~~~~~~~~~
      |                                            _Locale
/usr/include/c++/13/bits/locale_facets.h:1906:5: error: variable or field '_M_initialize_numpunct' declared void
 1906 |     numpunct<wchar_t>::_M_initialize_numpunct(__c_locale __cloc);
      |     ^~~~~~~~~~~~~~~~~
/usr/include/c++/13/bits/locale_facets.h:1906:47: error: '__c_locale' was not declared in this scope; did you mean '_Locale'?
 1906 |     numpunct<wchar_t>::_M_initialize_numpunct(__c_locale __cloc);
      |                                               ^~~~~~~~~~
      |                                               _Locale
/usr/include/c++/13/bits/locale_facets.h: In constructor 'std::__cxx11::numpunct_byname<_CharT>::numpunct_byname(const char*, std::size_t)':
/usr/include/c++/13/bits/locale_facets.h:1924:13: error: '__c_locale' was not declared in this scope; did you mean '_Locale'?
 1924 |             __c_locale __tmp;
      |             ^~~~~~~~~~
      |             _Locale
/usr/include/c++/13/bits/locale_facets.h:1925:38: error: '__tmp' was not declared in this scope
 1925 |             this->_S_create_c_locale(__tmp, __s);
      |                                      ^~~~~
In file included from /usr/include/c++/13/bits/locale_facets.h:2687:
/usr/include/c++/13/bits/locale_facets.tcc: In member function 'virtual _InIter std::num_get<_CharT, _InIter>::do_get(iter_type, iter_type, std::ios_base&, std::ios_base::iostate&, float&) const':
/usr/include/c++/13/bits/locale_facets.tcc:697:55: error: there are no arguments to '_S_get_c_locale' that depend on a template parameter, so a declaration of '_S_get_c_locale' must be available [-fpermissive]
  697 |       std::__convert_to_v(__xtrc.c_str(), __v, __err, _S_get_c_locale());
      |                                                       ^~~~~~~~~~~~~~~
/usr/include/c++/13/bits/locale_facets.tcc: In member function 'virtual _InIter std::num_get<_CharT, _InIter>::do_get(iter_type, iter_type, std::ios_base&, std::ios_base::iostate&, double&) const':
/usr/include/c++/13/bits/locale_facets.tcc:712:55: error: there are no arguments to '_S_get_c_locale' that depend on a template parameter, so a declaration of '_S_get_c_locale' must be available [-fpermissive]
  712 |       std::__convert_to_v(__xtrc.c_str(), __v, __err, _S_get_c_locale());
      |                                                       ^~~~~~~~~~~~~~~
/usr/include/c++/13/bits/locale_facets.tcc: In member function 'virtual _InIter std::num_get<_CharT, _InIter>::do_get(iter_type, iter_type, std::ios_base&, std::ios_base::iostate&, long double&) const':
/usr/include/c++/13/bits/locale_facets.tcc:744:55: error: there are no arguments to '_S_get_c_locale' that depend on a template parameter, so a declaration of '_S_get_c_locale' must be available [-fpermissive]
  744 |       std::__convert_to_v(__xtrc.c_str(), __v, __err, _S_get_c_locale());
      |                                                       ^~~~~~~~~~~~~~~
/usr/include/c++/13/bits/locale_facets.tcc: In member function '_OutIter std::num_put<_CharT, _OutIter>::_M_insert_float(_OutIter, std::ios_base&, _CharT, char, _ValueT) const':
/usr/include/c++/13/bits/locale_facets.tcc:1023:41: error: there are no arguments to '_S_get_c_locale' that depend on a template parameter, so a declaration of '_S_get_c_locale' must be available [-fpermissive]
 1023 |           __len = std::__convert_from_v(_S_get_c_locale(), __cs, __cs_size,
      |                                         ^~~~~~~~~~~~~~~
/usr/include/c++/13/bits/locale_facets.tcc:1026:41: error: there are no arguments to '_S_get_c_locale' that depend on a template parameter, so a declaration of '_S_get_c_locale' must be available [-fpermissive]
 1026 |           __len = std::__convert_from_v(_S_get_c_locale(), __cs, __cs_size,
      |                                         ^~~~~~~~~~~~~~~
/usr/include/c++/13/bits/locale_facets.tcc:1035:45: error: there are no arguments to '_S_get_c_locale' that depend on a template parameter, so a declaration of '_S_get_c_locale' must be available [-fpermissive]
 1035 |               __len = std::__convert_from_v(_S_get_c_locale(), __cs, __cs_size,
      |                                             ^~~~~~~~~~~~~~~
/usr/include/c++/13/bits/locale_facets.tcc:1038:45: error: there are no arguments to '_S_get_c_locale' that depend on a template parameter, so a declaration of '_S_get_c_locale' must be available [-fpermissive]
 1038 |               __len = std::__convert_from_v(_S_get_c_locale(), __cs, __cs_size,
      |                                             ^~~~~~~~~~~~~~~
In file included from /usr/include/c++/13/fstream:42,
                 from diag_main.cpp:9:
/usr/include/c++/13/bits/codecvt.h: At global scope:
/usr/include/c++/13/bits/codecvt.h:288:7: error: '__c_locale' does not name a type; did you mean 'locale'?
  288 |       __c_locale                        _M_c_locale_codecvt;
      |       ^~~~~~~~~~
      |       locale
/usr/include/c++/13/bits/codecvt.h:300:25: error: expected ')' before '__cloc'
  300 |       codecvt(__c_locale __cloc, size_t __refs = 0);
      |              ~          ^~~~~~~
      |                         )
/usr/include/c++/13/bits/codecvt.h: In constructor 'std::codecvt<_InternT, _ExternT, _StateT>::codecvt(std::size_t)':
/usr/include/c++/13/bits/codecvt.h:296:9: error: class 'std::codecvt<_InternT, _ExternT, _StateT>' does not have any field named '_M_c_locale_codecvt'
  296 |         _M_c_locale_codecvt(0)
      |         ^~~~~~~~~~~~~~~~~~~
/usr/include/c++/13/bits/codecvt.h: At global scope:
/usr/include/c++/13/bits/codecvt.h:353:7: error: '__c_locale' does not name a type; did you mean 'locale'?
  353 |       __c_locale                        _M_c_locale_codecvt;
      |       ^~~~~~~~~~
      |       locale
/usr/include/c++/13/bits/codecvt.h:362:25: error: expected ')' before '__cloc'
  362 |       codecvt(__c_locale __cloc, size_t __refs = 0);
      |              ~          ^~~~~~~
      |                         )
/usr/include/c++/13/bits/codecvt.h:416:7: error: '__c_locale' does not name a type; did you mean 'locale'?
  416 |       __c_locale                        _M_c_locale_codecvt;
      |       ^~~~~~~~~~
      |       locale
/usr/include/c++/13/bits/codecvt.h:425:25: error: expected ')' before '__cloc'
  425 |       codecvt(__c_locale __cloc, size_t __refs = 0);
      |              ~          ^~~~~~~
      |                         )
In file included from /usr/include/c++/13/locale:43,
                 from /usr/include/c++/13/iomanip:45,
                 from diag_main.cpp:12:
/usr/include/c++/13/bits/locale_facets_nonio.h:183:7: error: '__c_locale' does not name a type; did you mean '__c_lock'?
  183 |       __c_locale                        _M_c_locale_timepunct;
      |       ^~~~~~~~~~
      |       __c_lock
/usr/include/c++/13/bits/locale_facets_nonio.h:207:29: error: expected ')' before '__cloc'
  207 |       __timepunct(__c_locale __cloc, const char* __s, size_t __refs = 0);
      |                  ~          ^~~~~~~
      |                             )
/usr/include/c++/13/bits/locale_facets_nonio.h:322:31: error: '__c_locale' has not been declared
  322 |       _M_initialize_timepunct(__c_locale __cloc = 0);
      |                               ^~~~~~~~~~
/usr/include/c++/13/bits/locale_facets_nonio.h:331:5: error: variable or field '_M_initialize_timepunct' declared void
  331 |     __timepunct<char>::_M_initialize_timepunct(__c_locale __cloc);
      |     ^~~~~~~~~~~~~~~~~
/usr/include/c++/13/bits/locale_facets_nonio.h:331:48: error: '__c_locale' was not declared in this scope; did you mean '__c_lock'?
  331 |     __timepunct<char>::_M_initialize_timepunct(__c_locale __cloc);
      |                                                ^~~~~~~~~~
      |                                                __c_lock
/usr/include/c++/13/bits/locale_facets_nonio.h:340:5: error: variable or field '_M_initialize_timepunct' declared void
  340 |     __timepunct<wchar_t>::_M_initialize_timepunct(__c_locale __cloc);
      |     ^~~~~~~~~~~~~~~~~~~~
/usr/include/c++/13/bits/locale_facets_nonio.h:340:51: error: '__c_locale' was not declared in this scope; did you mean '__c_lock'?
  340 |     __timepunct<wchar_t>::_M_initialize_timepunct(__c_locale __cloc);
      |                                                   ^~~~~~~~~~
      |                                                   __c_lock
In file included from /usr/include/c++/13/bits/locale_facets_nonio.h:352:
/usr/include/x86_64-linux-gnu/c++/13/bits/time_members.h: In constructor 'std::__timepunct<_CharT>::__timepunct(std::size_t)':
/usr/include/x86_64-linux-gnu/c++/13/bits/time_members.h:43:34: error: class 'std::__timepunct<_CharT>' does not have any field named '_M_c_locale_timepunct'
   43 |     : facet(__refs), _M_data(0), _M_c_locale_timepunct(0),
      |                                  ^~~~~~~~~~~~~~~~~~~~~
/usr/include/x86_64-linux-gnu/c++/13/bits/time_members.h: In constructor 'std::__timepunct<_CharT>::__timepunct(__cache_type*, std::size_t)':
/usr/include/x86_64-linux-gnu/c++/13/bits/time_members.h:49:40: error: class 'std::__timepunct<_CharT>' does not have any field named '_M_c_locale_timepunct'
   49 |     : facet(__refs), _M_data(__cache), _M_c_locale_timepunct(0),
      |                                        ^~~~~~~~~~~~~~~~~~~~~
/usr/include/x86_64-linux-gnu/c++/13/bits/time_members.h: At global scope:
/usr/include/x86_64-linux-gnu/c++/13/bits/time_members.h:54:37: error: expected constructor, destructor, or type conversion before '(' token
   54 |     __timepunct<_CharT>::__timepunct(__c_locale __cloc, const char* __s,
      |                                     ^
/usr/include/x86_64-linux-gnu/c++/13/bits/time_members.h: In destructor 'virtual std::__timepunct<_CharT>::~__timepunct()':
/usr/include/x86_64-linux-gnu/c++/13/bits/time_members.h:85:27: error: '_M_c_locale_timepunct' was not declared in this scope; did you mean '_M_name_timepunct'?
   85 |       _S_destroy_c_locale(_M_c_locale_timepunct);
      |                           ^~~~~~~~~~~~~~~~~~~~~
      |                           _M_name_timepunct
/usr/include/c++/13/bits/locale_facets_nonio.h: At global scope:
/usr/include/c++/13/bits/locale_facets_nonio.h:1119:28: error: expected ')' before '__cloc'
 1119 |       moneypunct(__c_locale __cloc, const char* __s, size_t __refs = 0)
      |                 ~          ^~~~~~~
      |                            )
/usr/include/c++/13/bits/locale_facets_nonio.h:1408:33: error: '__c_locale' has not been declared
 1408 |        _M_initialize_moneypunct(__c_locale __cloc = 0,
      |                                 ^~~~~~~~~~
/usr/include/c++/13/bits/locale_facets_nonio.h:1426:5: error: variable or field '_M_initialize_moneypunct' declared void
 1426 |     moneypunct<char, true>::_M_initialize_moneypunct(__c_locale, const char*);
      |     ^~~~~~~~~~~~~~~~~~~~~~
/usr/include/c++/13/bits/locale_facets_nonio.h:1426:54: error: '__c_locale' was not declared in this scope; did you mean '__c_lock'?
 1426 |     moneypunct<char, true>::_M_initialize_moneypunct(__c_locale, const char*);
      |                                                      ^~~~~~~~~~
      |                                                      __c_lock
/usr/include/c++/13/bits/locale_facets_nonio.h:1426:66: error: expected primary-expression before 'const'
 1426 |     moneypunct<char, true>::_M_initialize_moneypunct(__c_locale, const char*);
      |                                                                  ^~~~~
/usr/include/c++/13/bits/locale_facets_nonio.h:1430:5: error: variable or field '_M_initialize_moneypunct' declared void
 1430 |     moneypunct<char, false>::_M_initialize_moneypunct(__c_locale, const char*);
      |     ^~~~~~~~~~~~~~~~~~~~~~~
/usr/include/c++/13/bits/locale_facets_nonio.h:1430:55: error: '__c_locale' was not declared in this scope; did you mean '__c_lock'?
 1430 |     moneypunct<char, false>::_M_initialize_moneypunct(__c_locale, const char*);
      |                                                       ^~~~~~~~~~
      |                                                       __c_lock
/usr/include/c++/13/bits/locale_facets_nonio.h:1430:67: error: expected primary-expression before 'const'
 1430 |     moneypunct<char, false>::_M_initialize_moneypunct(__c_locale, const char*);
      |                                                                   ^~~~~
/usr/include/c++/13/bits/locale_facets_nonio.h:1441:5: error: variable or field '_M_initialize_moneypunct' declared void
 1441 |     moneypunct<wchar_t, true>::_M_initialize_moneypunct(__c_locale,
      |     ^~~~~~~~~~~~~~~~~~~~~~~~~
/usr/include/c++/13/bits/locale_facets_nonio.h:1441:57: error: '__c_locale' was not declared in this scope; did you mean '__c_lock'?
 1441 |     moneypunct<wchar_t, true>::_M_initialize_moneypunct(__c_locale,
      |                                                         ^~~~~~~~~~
      |                                                         __c_lock
/usr/include/c++/13/bits/locale_facets_nonio.h:1442:57: error: expected primary-expression before 'const'
 1442 |                                                         const char*);
      |                                                         ^~~~~
/usr/include/c++/13/bits/locale_facets_nonio.h:1446:5: error: variable or field '_M_initialize_moneypunct' declared void
 1446 |     moneypunct<wchar_t, false>::_M_initialize_moneypunct(__c_locale,
      |     ^~~~~~~~~~~~~~~~~~~~~~~~~~
/usr/include/c++/13/bits/locale_facets_nonio.h:1446:58: error: '__c_locale' was not declared in this scope; did you mean '__c_lock'?
 1446 |     moneypunct<wchar_t, false>::_M_initialize_moneypunct(__c_locale,
      |                                                          ^~~~~~~~~~
      |                                                          __c_lock
/usr/include/c++/13/bits/locale_facets_nonio.h:1447:58: error: expected primary-expression before 'const'
 1447 |                                                          const char*);
      |                                                          ^~~~~
/usr/include/c++/13/bits/locale_facets_nonio.h: In constructor 'std::__cxx11::moneypunct_byname<_CharT, _Intl>::moneypunct_byname(const char*, std::size_t)':
/usr/include/c++/13/bits/locale_facets_nonio.h:1467:13: error: '__c_locale' was not declared in this scope; did you mean '__c_lock'?
 1467 |             __c_locale __tmp;
      |             ^~~~~~~~~~
      |             __c_lock
/usr/include/c++/13/bits/locale_facets_nonio.h:1468:38: error: '__tmp' was not declared in this scope
 1468 |             this->_S_create_c_locale(__tmp, __s);
      |                                      ^~~~~
/usr/include/c++/13/bits/locale_facets_nonio.h: At global scope:
/usr/include/c++/13/bits/locale_facets_nonio.h:1866:7: error: '__c_locale' does not name a type; did you mean '__c_lock'?
 1866 |       __c_locale                        _M_c_locale_messages;
      |       ^~~~~~~~~~
      |       __c_lock
/usr/include/c++/13/bits/locale_facets_nonio.h:1895:26: error: expected ')' before '__cloc'
 1895 |       messages(__c_locale __cloc, const char* __s, size_t __refs = 0);
      |               ~          ^~~~~~~
      |                          )
In file included from /usr/include/c++/13/bits/locale_facets_nonio.h:2064:
/usr/include/x86_64-linux-gnu/c++/13/bits/messages_members.h: In constructor 'std::__cxx11::messages<_CharT>::messages(std::size_t)':
/usr/include/x86_64-linux-gnu/c++/13/bits/messages_members.h:45:22: error: class 'std::__cxx11::messages<_CharT>' does not have any field named '_M_c_locale_messages'
   45 |     : facet(__refs), _M_c_locale_messages(_S_get_c_locale()),
      |                      ^~~~~~~~~~~~~~~~~~~~
/usr/include/x86_64-linux-gnu/c++/13/bits/messages_members.h:45:43: error: there are no arguments to '_S_get_c_locale' that depend on a template parameter, so a declaration of '_S_get_c_locale' must be available [-fpermissive]
   45 |     : facet(__refs), _M_c_locale_messages(_S_get_c_locale()),
      |                                           ^~~~~~~~~~~~~~~
/usr/include/x86_64-linux-gnu/c++/13/bits/messages_members.h: At global scope:
/usr/include/x86_64-linux-gnu/c++/13/bits/messages_members.h:50:31: error: expected constructor, destructor, or type conversion before '(' token
   50 |     messages<_CharT>::messages(__c_locale __cloc, const char* __s,
      |                               ^
/usr/include/x86_64-linux-gnu/c++/13/bits/messages_members.h: In destructor 'virtual std::__cxx11::messages<_CharT>::~messages()':
/usr/include/x86_64-linux-gnu/c++/13/bits/messages_members.h:83:27: error: '_M_c_locale_messages' was not declared in this scope; did you mean '_M_name_messages'?
   83 |       _S_destroy_c_locale(_M_c_locale_messages);
      |                           ^~~~~~~~~~~~~~~~~~~~
      |                           _M_name_messages
In file included from /usr/include/c++/13/bits/locale_facets_nonio.h:2069:
/usr/include/c++/13/bits/locale_facets_nonio.tcc: In member function 'virtual _InIter std::__cxx11::money_get<_CharT, _InIter>::do_get(iter_type, iter_type, bool, std::ios_base&, std::ios_base::iostate&, long double&) const':
/usr/include/c++/13/bits/locale_facets_nonio.tcc:377:58: error: there are no arguments to '_S_get_c_locale' that depend on a template parameter, so a declaration of '_S_get_c_locale' must be available [-fpermissive]
  377 |       std::__convert_to_v(__str.c_str(), __units, __err, _S_get_c_locale());
      |                                                          ^~~~~~~~~~~~~~~
/usr/include/c++/13/bits/locale_facets_nonio.tcc: In member function 'virtual _OutIter std::__cxx11::money_put<_CharT, _OutIter>::do_put(iter_type, bool, std::ios_base&, char_type, long double) const':
/usr/include/c++/13/bits/locale_facets_nonio.tcc:604:41: error: there are no arguments to '_S_get_c_locale' that depend on a template parameter, so a declaration of '_S_get_c_locale' must be available [-fpermissive]
  604 |       int __len = std::__convert_from_v(_S_get_c_locale(), __cs, __cs_size,
      |                                         ^~~~~~~~~~~~~~~
/usr/include/c++/13/bits/locale_facets_nonio.tcc:611:41: error: there are no arguments to '_S_get_c_locale' that depend on a template parameter, so a declaration of '_S_get_c_locale' must be available [-fpermissive]
  611 |           __len = std::__convert_from_v(_S_get_c_locale(), __cs, __cs_size,
      |                                         ^~~~~~~~~~~~~~~
In file included from external/+new_local_repository+dlt_daemon/include/dlt/dlt_common.h:109,
                 from external/+new_local_repository+dlt_daemon/include/dlt/dlt.h:71,
                 from diag_main.cpp:17:
external/+new_local_repository+dlt_daemon/include/dlt/dlt_log.h: At global scope:
external/+new_local_repository+dlt_daemon/include/dlt/dlt_log.h:35:72: warning: 'libintl_printf' is an unrecognized format function type [-Wformat=]
   35 | #      define PRINTF_FORMAT(a,b) __attribute__ ((format (printf, a, b)))
      |                                                                        ^
external/+new_local_repository+dlt_daemon/include/dlt/dlt_log.h:100:46: note: in expansion of macro 'PRINTF_FORMAT'
  100 | int dlt_user_printf(const char *format, ...) PRINTF_FORMAT(1, 2);
      |                                              ^~~~~~~~~~~~~
external/+new_local_repository+dlt_daemon/include/dlt/dlt_log.h:35:72: warning: 'libintl_printf' is an unrecognized format function type [-Wformat=]
   35 | #      define PRINTF_FORMAT(a,b) __attribute__ ((format (printf, a, b)))
      |                                                                        ^
external/+new_local_repository+dlt_daemon/include/dlt/dlt_log.h:116:60: note: in expansion of macro 'PRINTF_FORMAT'
  116 | DltReturnValue dlt_vlog(int prio, const char *format, ...) PRINTF_FORMAT(2, 3);
      |                                                            ^~~~~~~~~~~~~
external/+new_local_repository+dlt_daemon/include/dlt/dlt_log.h:35:72: warning: 'libintl_printf' is an unrecognized format function type [-Wformat=]
   35 | #      define PRINTF_FORMAT(a,b) __attribute__ ((format (printf, a, b)))
      |                                                                        ^
external/+new_local_repository+dlt_daemon/include/dlt/dlt_log.h:125:74: note: in expansion of macro 'PRINTF_FORMAT'
  125 | DltReturnValue dlt_vnlog(int prio, size_t size, const char *format, ...) PRINTF_FORMAT(3, 4);
      |                                                                          ^~~~~~~~~~~~~
diag_main.cpp: In function 'std::string handle_request(const std::vector<unsigned char>&)':
diag_main.cpp:166:46: error: 'getenv' is not a member of 'std'
  166 |             const char* container_env = std::getenv("CONTAINER");
      |                                              ^~~~~~
diag_main.cpp: In lambda function:
diag_main.cpp:190:31: error: 'system' was not declared in this scope
  190 |                     int ret = system("docker restart ita-demo");
      |                               ^~~~~~
diag_main.cpp: In function 'void cleanup(int)':
diag_main.cpp:259:5: error: 'exit' was not declared in this scope
  259 |     exit(0);
      |     ^~~~
diag_main.cpp:29:1: note: 'exit' is defined in header '<cstdlib>'; did you forget to '#include <cstdlib>'?
   28 | #include <sys/mman.h>
  +++ |+#include <cstdlib>
   29 | 
diag_main.cpp: In function 'int main()':
diag_main.cpp:264:5: error: 'setenv' was not declared in this scope
  264 |     setenv("DLT_PIPE_DIR", "/tmp", 1);
      |     ^~~~~~
diag_main.cpp:273:13: error: 'exit' was not declared in this scope
  273 |             exit(EXIT_FAILURE);
      |             ^~~~
diag_main.cpp:273:13: note: 'exit' is defined in header '<cstdlib>'; did you forget to '#include <cstdlib>'?
Target //:diag_manager failed to build
Use --verbose_failures to see the command lines of failed build steps.
INFO: Elapsed time: 0.416s, Critical Path: 0.33s
INFO: 2 processes: 2 internal.
ERROR: Build did NOT complete successfully
