Archive member included to satisfy reference by file (symbol)

/home/prathik/qnx800_2/bsp/BSP_raspberrypi-bcm2712-rpi5_be-800_SVN1024006_JBN381/src/hardware/startup/boards/../../../../install/aarch64le/usr/lib/libstartup.a(_main.o)
                              main.o (shdr)
/home/prathik/qnx800_2/bsp/BSP_raspberrypi-bcm2712-rpi5_be-800_SVN1024006_JBN381/src/hardware/startup/boards/../../../../install/aarch64le/usr/lib/libstartup.a(_start.o)
                              (_start)
/home/prathik/qnx800_2/bsp/BSP_raspberrypi-bcm2712-rpi5_be-800_SVN1024006_JBN381/src/hardware/startup/boards/../../../../install/aarch64le/usr/lib/libstartup.a(as_add_containing.o)
                              bcm2712_init_raminfo.o (as_add_containing)
/home/prathik/qnx800_2/bsp/BSP_raspberrypi-bcm2712-rpi5_be-800_SVN1024006_JBN381/src/hardware/startup/boards/../../../../install/aarch64le/usr/lib/libstartup.a(as_find_containing.o)
                              /home/prathik/qnx800_2/bsp/BSP_raspberrypi-bcm2712-rpi5_be-800_SVN1024006_JBN381/src/hardware/startup/boards/../../../../install/aarch64le/usr/lib/libstartup.a(as_add_containing.o) (as_find_containing)
/home/prathik/qnx800_2/bsp/BSP_raspberrypi-bcm2712-rpi5_be-800_SVN1024006_JBN381/src/hardware/startup/boards/../../../../install/aarch64le/usr/lib/libstartup.a(as_off2info.o)
                              /home/prathik/qnx800_2/bsp/BSP_raspberrypi-bcm2712-rpi5_be-800_SVN1024006_JBN381/src/hardware/startup/boards/../../../../install/aarch64le/usr/lib/libstartup.a(as_add_containing.o) (as_off2info)
/home/prathik/qnx800_2/bsp/BSP_raspberrypi-bcm2712-rpi5_be-800_SVN1024006_JBN381/src/hardware/startup/boards/../../../../install/aarch64le/usr/lib/libstartup.a(board_init.o)
                              /home/prathik/qnx800_2/bsp/BSP_raspberrypi-bcm2712-rpi5_be-800_SVN1024006_JBN381/src/hardware/startup/boards/../../../../install/aarch64le/usr/lib/libstartup.a(_main.o) (board_init)
/home/prathik/qnx800_2/bsp/BSP_raspberrypi-bcm2712-rpi5_be-800_SVN1024006_JBN381/src/hardware/startup/boards/../../../../install/aarch64le/usr/lib/libstartup.a(bootstrap_cmdline.o)
                              main.o (bootstrap_arg_adjust)
/home/prathik/qnx800_2/bsp/BSP_raspberrypi-bcm2712-rpi5_be-800_SVN1024006_JBN381/src/hardware/startup/boards/../../../../install/aarch64le/usr/lib/libstartup.a(callout_debug_pl011.o)
                              main.o (display_char_pl011)
/home/prathik/qnx800_2/bsp/BSP_raspberrypi-bcm2712-rpi5_be-800_SVN1024006_JBN381/src/hardware/startup/boards/../../../../install/aarch64le/usr/lib/libstartup.a(callout_sendipi_gic_v2.o)
                              board_smp.o (sendipi_gic_v2)
/home/prathik/qnx800_2/bsp/BSP_raspberrypi-bcm2712-rpi5_be-800_SVN1024006_JBN381/src/hardware/startup/boards/../../../../install/aarch64le/usr/lib/libstartup.a(callouts.o)
                              main.o (add_callout_array)
/home/prathik/qnx800_2/bsp/BSP_raspberrypi-bcm2712-rpi5_be-800_SVN1024006_JBN381/src/hardware/startup/boards/../../../../install/aarch64le/usr/lib/libstartup.a(common_options.o)
                              main.o (handle_common_option)
/home/prathik/qnx800_2/bsp/BSP_raspberrypi-bcm2712-rpi5_be-800_SVN1024006_JBN381/src/hardware/startup/boards/../../../../install/aarch64le/usr/lib/libstartup.a(cpu_cluster_add.o)
                              /home/prathik/qnx800_2/bsp/BSP_raspberrypi-bcm2712-rpi5_be-800_SVN1024006_JBN381/src/hardware/startup/boards/../../../../install/aarch64le/usr/lib/libstartup.a(common_options.o) (cpu_cluster_add)
/home/prathik/qnx800_2/bsp/BSP_raspberrypi-bcm2712-rpi5_be-800_SVN1024006_JBN381/src/hardware/startup/boards/../../../../install/aarch64le/usr/lib/libstartup.a(cpu_common_options.o)
                              /home/prathik/qnx800_2/bsp/BSP_raspberrypi-bcm2712-rpi5_be-800_SVN1024006_JBN381/src/hardware/startup/boards/../../../../install/aarch64le/usr/lib/libstartup.a(common_options.o) (cpu_handle_common_option)
/home/prathik/qnx800_2/bsp/BSP_raspberrypi-bcm2712-rpi5_be-800_SVN1024006_JBN381/src/hardware/startup/boards/../../../../install/aarch64le/usr/lib/libstartup.a(cpu_startup.o)
                              /home/prathik/qnx800_2/bsp/BSP_raspberrypi-bcm2712-rpi5_be-800_SVN1024006_JBN381/src/hardware/startup/boards/../../../../install/aarch64le/usr/lib/libstartup.a(_main.o) (cpu_startup)
/home/prathik/qnx800_2/bsp/BSP_raspberrypi-bcm2712-rpi5_be-800_SVN1024006_JBN381/src/hardware/startup/boards/../../../../install/aarch64le/usr/lib/libstartup.a(cstart.o)
                              /home/prathik/qnx800_2/bsp/BSP_raspberrypi-bcm2712-rpi5_be-800_SVN1024006_JBN381/src/hardware/startup/boards/../../../../install/aarch64le/usr/lib/libstartup.a(_main.o) (stack_addr_lo)
/home/prathik/qnx800_2/bsp/BSP_raspberrypi-bcm2712-rpi5_be-800_SVN1024006_JBN381/src/hardware/startup/boards/../../../../install/aarch64le/usr/lib/libstartup.a(debug.o)
                              main.o (print_syspage)
[...]
Memory Configuration

Name             Origin             Length             Attributes
*default*        0x0000000000000000 0xffffffffffffffff

Linker script and memory map

LOAD bcm2712_init_raminfo.o
LOAD board_smp.o
LOAD callout_reboot_bcm2712.o
LOAD init_aon_gpio.o
LOAD init_asinfo.o
LOAD init_board_type.o
LOAD init_hwinfo.o
LOAD init_intrinfo.o
LOAD init_wdt.o
LOAD main.o
LOAD mbox.o
LOAD /home/prathik/qnx800_2/bsp/BSP_raspberrypi-bcm2712-rpi5_be-800_SVN1024006_JBN381/src/hardware/startup/boards/../../../../install/aarch64le/usr/lib/libstartup.a
LOAD /home/prathik/qnx800_2/target/qnx/aarch64le/usr/lib/liblzo2.a
LOAD /home/prathik/qnx800_2/target/qnx/aarch64le/usr/lib/libucl.a
LOAD /home/prathik/qnx800_2/target/qnx/aarch64le/usr/lib/libdrvr.a
LOAD /home/prathik/qnx800_2/target/qnx/aarch64le/usr/lib/libfdt.a
LOAD /home/prathik/qnx800_2/target/qnx/aarch64le/lib/libc.a
LOAD /home/prathik/qnx800_2/target/qnx/aarch64le/lib/libcS.a
LOAD /home/prathik/qnx800_2/host/linux/x86_64/usr/lib/gcc/aarch64-unknown-nto-qnx8.0.0/12.2.0/libgcc.a

.interp
 *(.interp)

.note.gnu.build-id
 *(.note.gnu.build-id)

.hash
 *(.hash)

.gnu.hash
 *(.gnu.hash)

.dynsym
 *(.dynsym)

.dynstr
 *(.dynstr)

.gnu.version
 *(.gnu.version)

.gnu.version_d
 *(.gnu.version_d)

.gnu.version_r
 *(.gnu.version_r)

.rela.init
 *(.rela.init)

.rela.text
 *(.rela.text)

.rela.fini
 *(.rela.fini)

.rela.rodata
 *(.rela.rodata)

.rela.data.rel.ro
 *(.rela.data.rel.ro)

.rela.data
 *(.rela.data)

.rela.tdata
 *(.rela.tdata)

.rela.tbss
 *(.rela.tbss)

.rela.ctors
 *(.rela.ctors)

.rela.dtors
 *(.rela.dtors)

.rela.got
 *(.rela.got)

.rela.bss
 *(.rela.bss)

.rela.ifunc
 *(.rela.ifunc)

.rela.plt
 *(.rela.plt)

.init
 *(SORT_NONE(.init))

.plt
 *(.plt)
 *(.iplt)

.text           0x0000000000000000    0x10da0
 *(.text .stub)
 .text          0x0000000000000000      0x1e4 bcm2712_init_raminfo.o
                0x0000000000000000                bcm2712_init_raminfo
 *fill*         0x00000000000001e4        0xc 00000000
 .text          0x00000000000001f0       0x88 board_smp.o
                0x00000000000001f0                board_smp_num_cpu
                0x0000000000000200                psci_cpu_id
                0x0000000000000210                board_smp_init
                0x0000000000000270                board_smp_start
                0x0000000000000274                board_smp_adjust_num
 .text          0x0000000000000278       0x98 callout_reboot_bcm2712.o
                0x00000000000002c8                reboot_bcm2712
 .text          0x0000000000000310      0xb60 init_aon_gpio.o
                0x0000000000000750                init_gpio_aon_bcm
 .text          0x0000000000000e70        0x4 init_asinfo.o
                0x0000000000000e70                init_asinfo
 *fill*         0x0000000000000e74        0xc 00000000
 .text          0x0000000000000e80      0x260 init_board_type.o
                0x0000000000000e80                get_soc_name
                0x0000000000000f14                get_memory_size
                0x0000000000000f94                get_mfr_name
                0x0000000000001030                get_board_name
                0x00000000000010b0                get_board_serial
 .text          0x00000000000010e0      0x540 init_hwinfo.o
                0x00000000000010e0                get_board_revision
                0x0000000000001204                init_hwinfo
                0x00000000000015d0                init_pcie_ext_msi_controller
 .text          0x0000000000001620       0x54 init_intrinfo.o
                0x0000000000001620                init_intrinfo
 *fill*         0x0000000000001674        0xc 00000000
 .text          0x0000000000001680      0x10c init_wdt.o
                0x0000000000001680                bcm2712_wdt_enable
 *fill*         0x000000000000178c        0x4 00000000
 .text          0x0000000000001790      0x17c main.o
                0x0000000000001790                find_next_arg
                0x00000000000017e4                cpu_tweak_cmdline
 *fill*         0x000000000000190c        0x4 00000000
 .text          0x0000000000001910      0x4d8 mbox.o
                0x0000000000001990                mbox_get_board_revision
                0x00000000000019d4                mbox_get_board_mac_address
                0x0000000000001a54                mbox_get_board_serial
                0x0000000000001aa0                mbox_get_arm_memory
                0x0000000000001ae0                mbox_get_vc_memory
                0x0000000000001b20                mbox_get_cmdline
                0x0000000000001b90                mbox_get_power_state
                0x0000000000001bd4                mbox_set_power_state
                0x0000000000001c20                mbox_get_clock_rate
                0x0000000000001c64                mbox_set_clock_rate
                0x0000000000001cb0                mbox_get_voltage
                0x0000000000001d04                mbox_get_temperature
                0x0000000000001d50                mbox_get_expgpio
                0x0000000000001da0                mbox_set_expgpio
 *fill*         0x0000000000001de8        0x8 00000000
 .text          0x0000000000001df0      0x218 /home/prathik/qnx800_2/bsp/BSP_raspberrypi-bcm2712-rpi5_be-800_SVN1024006_JBN381/src/hardware/startup/boards/../../../../install/aarch64le/usr/lib/libstartup.a(_main.o)
                0x0000000000001df4                _main
                0x0000000000001ff0                __get_errno_ptr
                0x0000000000001ff4                __stackavail
 .text          0x0000000000002008        0x4 /home/prathik/qnx800_2/bsp/BSP_raspberrypi-bcm2712-rpi5_be-800_SVN1024006_JBN381/src/hardware/startup/boards/../../../../install/aarch64le/usr/lib/libstartup.a(_start.o)
                0x0000000000002008                _start
 *fill*         0x000000000000200c        0x4 00000000
 .text          0x0000000000002010      0x2dc /home/prathik/qnx800_2/bsp/BSP_raspberrypi-bcm2712-rpi5_be-800_SVN1024006_JBN381/src/hardware/startup/boards/../../../../install/aarch64le/usr/lib/libstartup.a(as_add_containing.o)
                0x0000000000002010                as_add_containing
 *fill*         0x00000000000022ec        0x4 00000000
 .text          0x00000000000022f0      0x114 /home/prathik/qnx800_2/bsp/BSP_raspberrypi-bcm2712-rpi5_be-800_SVN1024006_JBN381/src/hardware/startup/boards/../../../../install/aarch64le/usr/lib/libstartup.a(as_find_containing.o)
                0x00000000000022f0                as_find_containing
 *fill*         0x0000000000002404        0xc 00000000
 .text          0x0000000000002410       0x10 /home/prathik/qnx800_2/bsp/BSP_raspberrypi-bcm2712-rpi5_be-800_SVN1024006_JBN381/src/hardware/startup/boards/../../../../install/aarch64le/usr/lib/libstartup.a(as_off2info.o)
                0x0000000000002410                as_off2info
 .text          0x0000000000002420        0x4 /home/prathik/qnx800_2/bsp/BSP_raspberrypi-bcm2712-rpi5_be-800_SVN1024006_JBN381/src/hardware/startup/boards/../../../../install/aarch64le/usr/lib/libstartup.a(board_init.o)
                0x0000000000002420                board_init
 *fill*         0x0000000000002424        0xc 00000000
 .text          0x0000000000002430      0x19c /home/prathik/qnx800_2/bsp/BSP_raspberrypi-bcm2712-rpi5_be-800_SVN1024006_JBN381/src/hardware/startup/boards/../../../../install/aarch64le/usr/lib/libstartup.a(bootstrap_cmdline.o)
                0x00000000000025b0                bootstrap_arg_adjust
                0x00000000000025c0                bootstrap_env_adjust
 *fill*         0x00000000000025cc        0x4 00000000
 .text          0x00000000000025d0       0xec /home/prathik/qnx800_2/bsp/BSP_raspberrypi-bcm2712-rpi5_be-800_SVN1024006_JBN381/src/hardware/startup/boards/../../../../install/aarch64le/usr/lib/libstartup.a(callout_debug_pl011.o)
                0x0000000000002610                display_char_pl011
                0x0000000000002650                poll_key_pl011
                0x0000000000002690                break_detect_pl011
 *fill*         0x00000000000026bc        0x4 00000000
 .text          0x00000000000026c0       0x80 /home/prathik/qnx800_2/bsp/BSP_raspberrypi-bcm2712-rpi5_be-800_SVN1024006_JBN381/src/hardware/startup/boards/../../../../install/aarch64le/usr/lib/libstartup.a(callout_sendipi_gic_v2.o)
                0x00000000000026e8                sendipi_gic_v2
 .text          0x0000000000002740      0x520 /home/prathik/qnx800_2/bsp/BSP_raspberrypi-bcm2712-rpi5_be-800_SVN1024006_JBN381/src/hardware/startup/boards/../../../../install/aarch64le/usr/lib/libstartup.a(callouts.o)
                0x00000000000027b0                output_callouts
                0x0000000000002820                callout_output_one
                0x0000000000002a60                callout_register_data
                0x0000000000002af0                callout_reloc_data
                0x0000000000002b30                add_callout
                0x0000000000002bb0                add_callout_array
 .text          0x0000000000002c60      0x798 /home/prathik/qnx800_2/bsp/BSP_raspberrypi-bcm2712-rpi5_be-800_SVN1024006_JBN381/src/hardware/startup/boards/../../../../install/aarch64le/usr/lib/libstartup.a(common_options.o)
                0x0000000000002d60                handle_common_option
                0x00000000000031e0                set_debug
                0x00000000000033b0                select_debug
 *fill*         0x00000000000033f8        0x8 00000000
 .text          0x0000000000003400       0xbc /home/prathik/qnx800_2/bsp/BSP_raspberrypi-bcm2712-rpi5_be-800_SVN1024006_JBN381/src/hardware/startup/boards/../../../../install/aarch64le/usr/lib/libstartup.a(cpu_cluster_add.o)
                0x0000000000003400                cpu_cluster_add
 *fill*         0x00000000000034bc        0x4 00000000
 .text          0x00000000000034c0      0x304 /home/prathik/qnx800_2/bsp/BSP_raspberrypi-bcm2712-rpi5_be-800_SVN1024006_JBN381/src/hardware/startup/boards/../../../../install/aarch64le/usr/lib/libstartup.a(cpu_common_options.o)
                0x00000000000034c0                cpu_handle_common_option
 *fill*         0x00000000000037c4        0xc 00000000
 .text          0x00000000000037d0       0x88 /home/prathik/qnx800_2/bsp/BSP_raspberrypi-bcm2712-rpi5_be-800_SVN1024006_JBN381/src/hardware/startup/boards/../../../../install/aarch64le/usr/lib/libstartup.a(cpu_startup.o)
                0x00000000000037d0                aarch64_cpuid_find
                0x0000000000003810                cpu_startup
 .text          0x0000000000003858       0x40 /home/prathik/qnx800_2/bsp/BSP_raspberrypi-bcm2712-rpi5_be-800_SVN1024006_JBN381/src/hardware/startup/boards/../../../../install/aarch64le/usr/lib/libstartup.a(cstart.o)
                0x0000000000003858                cstart
 *fill*         0x0000000000003898        0x8 00000000
 .text          0x00000000000038a0       0x7c /home/prathik/qnx800_2/bsp/BSP_raspberrypi-bcm2712-rpi5_be-800_SVN1024006_JBN381/src/hardware/startup/boards/../../../../install/aarch64le/usr/lib/libstartup.a(debug.o)
                0x00000000000038a0                print_syspage
 *fill*         0x000000000000391c        0x4 00000000
 .text          0x0000000000003920      0x1a4 /home/prathik/qnx800_2/bsp/BSP_raspberrypi-bcm2712-rpi5_be-800_SVN1024006_JBN381/src/hardware/startup/boards/../../../../install/aarch64le/usr/lib/libstartup.a(fdt_init_bootopt.o)
                0x0000000000003920                fdt_init_bootopt
 *fill*         0x0000000000003ac4        0xc 00000000
 .text          0x0000000000003ad0      0x124 /home/prathik/qnx800_2/bsp/BSP_raspberrypi-bcm2712-rpi5_be-800_SVN1024006_JBN381/src/hardware/startup/boards/../../../../install/aarch64le/usr/lib/libstartup.a(fdt_psci_configure.o)
                0x0000000000003ad0                fdt_psci_configure
 .text          0x0000000000003bf4        0x0 /home/prathik/qnx800_2/bsp/BSP_raspberrypi-bcm2712-rpi5_be-800_SVN1024006_JBN381/src/hardware/startup/boards/../../../../install/aarch64le/usr/lib/libstartup.a(fdt_vars.o)
 *fill*         0x0000000000003bf4        0xc 00000000
 .text          0x0000000000003c00      0x11c /home/prathik/qnx800_2/bsp/BSP_raspberrypi-bcm2712-rpi5_be-800_SVN1024006_JBN381/src/hardware/startup/boards/../../../../install/aarch64le/usr/lib/libstartup.a(getopt.o)
                0x0000000000003c00                getopt
 *fill*         0x0000000000003d1c        0x4 00000000
 .text          0x0000000000003d20       0x7c /home/prathik/qnx800_2/bsp/BSP_raspberrypi-bcm2712-rpi5_be-800_SVN1024006_JBN381/src/hardware/startup/boards/../../../../install/aarch64le/usr/lib/libstartup.a(getsize.o)
                0x0000000000003d20                getsize
 .text          0x0000000000003d9c        0x0 /home/prathik/qnx800_2/bsp/BSP_raspberrypi-bcm2712-rpi5_be-800_SVN1024006_JBN381/src/hardware/startup/boards/../../../../install/aarch64le/usr/lib/libstartup.a(gic.o)
 *fill*         0x0000000000003d9c        0x4 00000000
 .text          0x0000000000003da0      0x484 /home/prathik/qnx800_2/bsp/BSP_raspberrypi-bcm2712-rpi5_be-800_SVN1024006_JBN381/src/hardware/startup/boards/../../../../install/aarch64le/usr/lib/libstartup.a(gic_v2.o)
                0x0000000000003ef0                gic_v2_init
                0x0000000000004124                gic_v2_num_spis
                0x0000000000004140                gic_v2_set_intr_trig_mode
 *fill*         0x0000000000004224        0xc 00000000
 .text          0x0000000000004230      0x254 /home/prathik/qnx800_2/bsp/BSP_raspberrypi-bcm2712-rpi5_be-800_SVN1024006_JBN381/src/hardware/startup/boards/../../../../install/aarch64le/usr/lib/libstartup.a(hw_serpl011.o)
                0x0000000000004374                init_pl011
                0x0000000000004460                put_pl011
 *fill*         0x0000000000004484        0xc 00000000
 .text          0x0000000000004490       0x54 /home/prathik/qnx800_2/bsp/BSP_raspberrypi-bcm2712-rpi5_be-800_SVN1024006_JBN381/src/hardware/startup/boards/../../../../install/aarch64le/usr/lib/libstartup.a(hwi_add_nanospin.o)
                0x0000000000004490                hwi_add_nanospin
 *fill*         0x00000000000044e4        0xc 00000000
 .text          0x00000000000044f0      0x218 /home/prathik/qnx800_2/bsp/BSP_raspberrypi-bcm2712-rpi5_be-800_SVN1024006_JBN381/src/hardware/startup/boards/../../../../install/aarch64le/usr/lib/libstartup.a(hwi_alloc.o)
                0x00000000000044f0                __hwi_find_string
                0x0000000000004500                __hwi_base
                0x0000000000004510                hwi_alloc_tag
                0x00000000000045f0                hwi_alloc_item
                0x00000000000046b0                hwi_grow_tag
 *fill*         0x0000000000004708        0x8 00000000
 .text          0x0000000000004710       0x28 /home/prathik/qnx800_2/bsp/BSP_raspberrypi-bcm2712-rpi5_be-800_SVN1024006_JBN381/src/hardware/startup/boards/../../../../install/aarch64le/usr/lib/libstartup.a(hwi_find_as.o)
                0x0000000000004710                hwi_find_as
 *fill*         0x0000000000004738        0x8 00000000
 .text          0x0000000000004740       0x84 /home/prathik/qnx800_2/bsp/BSP_raspberrypi-bcm2712-rpi5_be-800_SVN1024006_JBN381/src/hardware/startup/boards/../../../../install/aarch64le/usr/lib/libstartup.a(hwidev_add.o)
                0x0000000000004740                hwidev_add
 *fill*         0x00000000000047c4        0xc 00000000
 .text          0x00000000000047d0       0xf8 /home/prathik/qnx800_2/bsp/BSP_raspberrypi-bcm2712-rpi5_be-800_SVN1024006_JBN381/src/hardware/startup/boards/../../../../install/aarch64le/usr/lib/libstartup.a(hwidev_add_enet.o)
                0x00000000000047d0                hwidev_add_enet
 *fill*         0x00000000000048c8        0x8 00000000
 .text          0x00000000000048d0       0x80 /home/prathik/qnx800_2/bsp/BSP_raspberrypi-bcm2712-rpi5_be-800_SVN1024006_JBN381/src/hardware/startup/boards/../../../../install/aarch64le/usr/lib/libstartup.a(hwidev_add_timer.o)
                0x00000000000048d0                hwidev_add_timer
 .text          0x0000000000004950      0x144 /home/prathik/qnx800_2/bsp/BSP_raspberrypi-bcm2712-rpi5_be-800_SVN1024006_JBN381/src/hardware/startup/boards/../../../../install/aarch64le/usr/lib/libstartup.a(hwitag_add_common.o)
                0x0000000000004950                hwitag_add_common
                0x0000000000004a64                hwitag_add_optstr
 *fill*         0x0000000000004a94        0xc 00000000
 .text          0x0000000000004aa0       0x34 /home/prathik/qnx800_2/bsp/BSP_raspberrypi-bcm2712-rpi5_be-800_SVN1024006_JBN381/src/hardware/startup/boards/../../../../install/aarch64le/usr/lib/libstartup.a(hwitag_add_inputclk.o)
                0x0000000000004aa0                hwitag_add_inputclk
 *fill*         0x0000000000004ad4        0xc 00000000
 .text          0x0000000000004ae0       0x28 /home/prathik/qnx800_2/bsp/BSP_raspberrypi-bcm2712-rpi5_be-800_SVN1024006_JBN381/src/hardware/startup/boards/../../../../install/aarch64le/usr/lib/libstartup.a(hwitag_add_irq.o)
                0x0000000000004ae0                hwitag_add_irq
 *fill*         0x0000000000004b08        0x8 00000000
 .text          0x0000000000004b10       0x50 /home/prathik/qnx800_2/bsp/BSP_raspberrypi-bcm2712-rpi5_be-800_SVN1024006_JBN381/src/hardware/startup/boards/../../../../install/aarch64le/usr/lib/libstartup.a(hwitag_add_location.o)
                0x0000000000004b10                hwitag_add_location
 .text          0x0000000000004b60       0x48 /home/prathik/qnx800_2/bsp/BSP_raspberrypi-bcm2712-rpi5_be-800_SVN1024006_JBN381/src/hardware/startup/boards/../../../../install/aarch64le/usr/lib/libstartup.a(hwitag_add_nicaddr.o)
                0x0000000000004b60                hwitag_add_nicaddr
 *fill*         0x0000000000004ba8        0x8 00000000
 .text          0x0000000000004bb0       0x28 /home/prathik/qnx800_2/bsp/BSP_raspberrypi-bcm2712-rpi5_be-800_SVN1024006_JBN381/src/hardware/startup/boards/../../../../install/aarch64le/usr/lib/libstartup.a(hwitag_add_nicphyaddr.o)
                0x0000000000004bb0                hwitag_add_nicphyaddr
 *fill*         0x0000000000004bd8        0x8 00000000
 .text          0x0000000000004be0       0x40 /home/prathik/qnx800_2/bsp/BSP_raspberrypi-bcm2712-rpi5_be-800_SVN1024006_JBN381/src/hardware/startup/boards/../../../../install/aarch64le/usr/lib/libstartup.a(hwitag_add_regname.o)
                0x0000000000004be0                hwitag_add_regname
 .text          0x0000000000004c20       0x4c /home/prathik/qnx800_2/bsp/BSP_raspberrypi-bcm2712-rpi5_be-800_SVN1024006_JBN381/src/hardware/startup/boards/../../../../install/aarch64le/usr/lib/libstartup.a(hwitag_set_inputclk.o)
                0x0000000000004c20                hwitag_set_inputclk
 *fill*         0x0000000000004c6c        0x4 00000000
 .text          0x0000000000004c70       0xa4 /home/prathik/qnx800_2/bsp/BSP_raspberrypi-bcm2712-rpi5_be-800_SVN1024006_JBN381/src/hardware/startup/boards/../../../../install/aarch64le/usr/lib/libstartup.a(hwitag_set_ivec.o)
                0x0000000000004c70                hwitag_set_ivec
 *fill*         0x0000000000004d14        0xc 00000000
 .text          0x0000000000004d20       0x9c /home/prathik/qnx800_2/bsp/BSP_raspberrypi-bcm2712-rpi5_be-800_SVN1024006_JBN381/src/hardware/startup/boards/../../../../install/aarch64le/usr/lib/libstartup.a(hypervisor_setup.o)
                0x0000000000004d20                hypervisor_set_options
                0x0000000000004d30                hypervisor_init
                0x0000000000004d80                hypervisor_get_required_flags
                0x0000000000004d90                hypervisor_syspage_init
 *fill*         0x0000000000004dbc        0x4 00000000
 .text          0x0000000000004dc0        0x4 /home/prathik/qnx800_2/bsp/BSP_raspberrypi-bcm2712-rpi5_be-800_SVN1024006_JBN381/src/hardware/startup/boards/../../../../install/aarch64le/usr/lib/libstartup.a(init_cacheattr.o)
                0x0000000000004dc0                init_cacheattr
 *fill*         0x0000000000004dc4        0xc 00000000
 .text          0x0000000000004dd0      0x858 /home/prathik/qnx800_2/bsp/BSP_raspberrypi-bcm2712-rpi5_be-800_SVN1024006_JBN381/src/hardware/startup/boards/../../../../install/aarch64le/usr/lib/libstartup.a(init_cpuinfo.o)
                0x0000000000004dd0                init_one_cpuinfo
                0x00000000000055a4                init_cpuinfo
 *fill*         0x0000000000005628        0x8 00000000
 .text          0x0000000000005630       0xe8 /home/prathik/qnx800_2/bsp/BSP_raspberrypi-bcm2712-rpi5_be-800_SVN1024006_JBN381/src/hardware/startup/boards/../../../../install/aarch64le/usr/lib/libstartup.a(init_mmu.o)
                0x0000000000005630                init_mmu
 *fill*         0x0000000000005718        0x8 00000000
 .text          0x0000000000005720        0xc /home/prathik/qnx800_2/bsp/BSP_raspberrypi-bcm2712-rpi5_be-800_SVN1024006_JBN381/src/hardware/startup/boards/../../../../install/aarch64le/usr/lib/libstartup.a(init_qtime.o)
                0x0000000000005720                init_qtime
 *fill*         0x000000000000572c        0x4 00000000
 .text          0x0000000000005730       0xb8 /home/prathik/qnx800_2/bsp/BSP_raspberrypi-bcm2712-rpi5_be-800_SVN1024006_JBN381/src/hardware/startup/boards/../../../../install/aarch64le/usr/lib/libstartup.a(init_qtime_v8gt.o)
                0x0000000000005750                init_qtime_v8gt
 *fill*         0x00000000000057e8        0x8 00000000
 .text          0x00000000000057f0      0x248 /home/prathik/qnx800_2/bsp/BSP_raspberrypi-bcm2712-rpi5_be-800_SVN1024006_JBN381/src/hardware/startup/boards/../../../../install/aarch64le/usr/lib/libstartup.a(init_smp.o)
                0x0000000000005990                init_smp
 *fill*         0x0000000000005a38        0x8 00000000
 .text          0x0000000000005a40      0x6ec /home/prathik/qnx800_2/bsp/BSP_raspberrypi-bcm2712-rpi5_be-800_SVN1024006_JBN381/src/hardware/startup/boards/../../../../install/aarch64le/usr/lib/libstartup.a(init_system_private.o)
                0x0000000000005a40                init_system_private
 *fill*         0x000000000000612c        0x4 00000000
 .text          0x0000000000006130       0x98 /home/prathik/qnx800_2/bsp/BSP_raspberrypi-bcm2712-rpi5_be-800_SVN1024006_JBN381/src/hardware/startup/boards/../../../../install/aarch64le/usr/lib/libstartup.a(invert_timer_freq.o)
                0x0000000000006130                invert_timer_freq
 *fill*         0x00000000000061c8        0x8 00000000
 .text          0x00000000000061d0       0x9c /home/prathik/qnx800_2/bsp/BSP_raspberrypi-bcm2712-rpi5_be-800_SVN1024006_JBN381/src/hardware/startup/boards/../../../../install/aarch64le/usr/lib/libstartup.a(jtag.o)
                0x00000000000061d0                jtag_reserve_memory
                0x0000000000006220                jtag_reserve_syspage_addr
                0x0000000000006234                jtag_store_syspage_addr
 *fill*         0x000000000000626c        0x4 00000000
 .text          0x0000000000006270      0x70c /home/prathik/qnx800_2/bsp/BSP_raspberrypi-bcm2712-rpi5_be-800_SVN1024006_JBN381/src/hardware/startup/boards/../../../../install/aarch64le/usr/lib/libstartup.a(kprintf.o)
                0x0000000000006700                kprintf
                0x0000000000006780                ksprintf
                0x0000000000006830                ksnprintf
                0x0000000000006900                crash
                0x0000000000006960                set_print_char
                0x0000000000006970                get_print_char
 *fill*         0x000000000000697c        0x4 00000000
 .text          0x0000000000006980      0x174 /home/prathik/qnx800_2/bsp/BSP_raspberrypi-bcm2712-rpi5_be-800_SVN1024006_JBN381/src/hardware/startup/boards/../../../../install/aarch64le/usr/lib/libstartup.a(load_ifs.o)
                0x0000000000006980                load_ifs
 *fill*         0x0000000000006af4        0xc 00000000
 .text          0x0000000000006b00       0x14 /home/prathik/qnx800_2/bsp/BSP_raspberrypi-bcm2712-rpi5_be-800_SVN1024006_JBN381/src/hardware/startup/boards/../../../../install/aarch64le/usr/lib/libstartup.a(map_callout_io.o)
                0x0000000000006b00                callout_io_map
 *fill*         0x0000000000006b14        0xc 00000000
 .text          0x0000000000006b20       0x14 /home/prathik/qnx800_2/bsp/BSP_raspberrypi-bcm2712-rpi5_be-800_SVN1024006_JBN381/src/hardware/startup/boards/../../../../install/aarch64le/usr/lib/libstartup.a(map_startup_mem.o)
                0x0000000000006b20                startup_memory_map
                0x0000000000006b30                startup_memory_unmap
 *fill*         0x0000000000006b34        0xc 00000000
 .text          0x0000000000006b40      0x190 /home/prathik/qnx800_2/bsp/BSP_raspberrypi-bcm2712-rpi5_be-800_SVN1024006_JBN381/src/hardware/startup/boards/../../../../install/aarch64le/usr/lib/libstartup.a(memcpy.o)
                0x0000000000006b40                memcpy
 .text          0x0000000000006cd0       0x98 /home/prathik/qnx800_2/bsp/BSP_raspberrypi-bcm2712-rpi5_be-800_SVN1024006_JBN381/src/hardware/startup/boards/../../../../install/aarch64le/usr/lib/libstartup.a(memfuncs.o)
                0x0000000000006cd0                copy_memory
 *fill*         0x0000000000006d68        0x8 00000000
 .text          0x0000000000006d70       0x50 /home/prathik/qnx800_2/bsp/BSP_raspberrypi-bcm2712-rpi5_be-800_SVN1024006_JBN381/src/hardware/startup/boards/../../../../install/aarch64le/usr/lib/libstartup.a(memmove.o)
                0x0000000000006d70                memmove
 .text          0x0000000000006dc0      0xcfc /home/prathik/qnx800_2/bsp/BSP_raspberrypi-bcm2712-rpi5_be-800_SVN1024006_JBN381/src/hardware/startup/boards/../../../../install/aarch64le/usr/lib/libstartup.a(print_sysp.o)
                0x00000000000078b0                print_syspage_enable
                0x0000000000007954                print_syspage_sections
 .text          0x0000000000007abc       0x10 /home/prathik/qnx800_2/bsp/BSP_raspberrypi-bcm2712-rpi5_be-800_SVN1024006_JBN381/src/hardware/startup/boards/../../../../install/aarch64le/usr/lib/libstartup.a(psci_call.o)
                0x0000000000007abc                psci_hvc
                0x0000000000007ac4                psci_smc
 *fill*         0x0000000000007acc        0x4 00000000
 .text          0x0000000000007ad0       0x64 /home/prathik/qnx800_2/bsp/BSP_raspberrypi-bcm2712-rpi5_be-800_SVN1024006_JBN381/src/hardware/startup/boards/../../../../install/aarch64le/usr/lib/libstartup.a(psci_smp.o)
                0x0000000000007ad0                psci_smp_start
 *fill*         0x0000000000007b34        0xc 00000000
 .text          0x0000000000007b40      0xb90 /home/prathik/qnx800_2/bsp/BSP_raspberrypi-bcm2712-rpi5_be-800_SVN1024006_JBN381/src/hardware/startup/boards/../../../../install/aarch64le/usr/lib/libstartup.a(ram.o)
                0x0000000000007c80                find_top_ram_aligned_limit
                0x0000000000007dc0                find_top_ram_aligned
                0x0000000000007dd0                find_top_ram
                0x0000000000007df0                find_ram_in_range
                0x0000000000007f20                find_ram
                0x0000000000007f40                alloc_ram
                0x00000000000081a0                calloc_ram
                0x0000000000008200                add_sysram
                0x0000000000008294                ws_alloc
                0x00000000000083c0                avoid_ram
                0x0000000000008454                add_ram
                0x00000000000085a0                watch_add_ram
                0x00000000000085e0                reserve_ram
 .text          0x00000000000086d0      0xcc8 /home/prathik/qnx800_2/bsp/BSP_raspberrypi-bcm2712-rpi5_be-800_SVN1024006_JBN381/src/hardware/startup/boards/../../../../install/aarch64le/usr/lib/libstartup.a(restore_ifs.o)
                0x00000000000087b0                rifs_restore_ifs2
                0x0000000000008970                rifs_load_ifs2
                0x0000000000008ad4                load_ifs2_nonbootable
                0x0000000000008b44                rifs_restore_ifs
                0x00000000000090c4                rifs_save_elf32data
                0x0000000000009334                rifs_set_cksum
 .text          0x0000000000009398       0x70 /home/prathik/qnx800_2/bsp/BSP_raspberrypi-bcm2712-rpi5_be-800_SVN1024006_JBN381/src/hardware/startup/boards/../../../../install/aarch64le/usr/lib/libstartup.a(smp_start.o)
                0x0000000000009398                smp_start
 *fill*         0x0000000000009408        0x8 00000000
 .text          0x0000000000009410       0x1c /home/prathik/qnx800_2/bsp/BSP_raspberrypi-bcm2712-rpi5_be-800_SVN1024006_JBN381/src/hardware/startup/boards/../../../../install/aarch64le/usr/lib/libstartup.a(ssp.o)
                0x0000000000009410                __ssp_fail
 *fill*         0x000000000000942c        0x4 00000000
 .text          0x0000000000009430       0x84 /home/prathik/qnx800_2/bsp/BSP_raspberrypi-bcm2712-rpi5_be-800_SVN1024006_JBN381/src/hardware/startup/boards/../../../../install/aarch64le/usr/lib/libstartup.a(startnext.o)
                0x0000000000009430                startnext
 *fill*         0x00000000000094b4        0xc 00000000
 .text          0x00000000000094c0      0x394 /home/prathik/qnx800_2/bsp/BSP_raspberrypi-bcm2712-rpi5_be-800_SVN1024006_JBN381/src/hardware/startup/boards/../../../../install/aarch64le/usr/lib/libstartup.a(strings.o)
                0x00000000000094c0                find_typed_string
                0x0000000000009544                del_typed_string
                0x0000000000009690                add_typed_string
                0x0000000000009770                add_string
 *fill*         0x0000000000009854        0xc 00000000
 .text          0x0000000000009860       0xf4 /home/prathik/qnx800_2/bsp/BSP_raspberrypi-bcm2712-rpi5_be-800_SVN1024006_JBN381/src/hardware/startup/boards/../../../../install/aarch64le/usr/lib/libstartup.a(strtoul.o)
                0x0000000000009860                strtopaddr
                0x0000000000009950                strtoul
 *fill*         0x0000000000009954        0xc 00000000
 .text          0x0000000000009960      0x580 /home/prathik/qnx800_2/bsp/BSP_raspberrypi-bcm2712-rpi5_be-800_SVN1024006_JBN381/src/hardware/startup/boards/../../../../install/aarch64le/usr/lib/libstartup.a(syspage_memory.o)
                0x0000000000009960                grow_syspage_section
                0x0000000000009a60                set_syspage_section
                0x0000000000009a90                init_syspage_memory
                0x0000000000009b80                reloc_syspage_memory
                0x0000000000009bf4                alloc_syspage_memory
                0x0000000000009ea0                write_syspage_memory
 .text          0x0000000000009ee0        0x4 /home/prathik/qnx800_2/bsp/BSP_raspberrypi-bcm2712-rpi5_be-800_SVN1024006_JBN381/src/hardware/startup/boards/../../../../install/aarch64le/usr/lib/libstartup.a(tweak_cmdline.o)
                0x0000000000009ee0                tweak_cmdline
 *fill*         0x0000000000009ee4        0xc 00000000
 .text          0x0000000000009ef0       0x88 /home/prathik/qnx800_2/bsp/BSP_raspberrypi-bcm2712-rpi5_be-800_SVN1024006_JBN381/src/hardware/startup/boards/../../../../install/aarch64le/usr/lib/libstartup.a(uncompress.o)
                0x0000000000009ef0                uncompress
 *fill*         0x0000000000009f78        0x8 00000000
 .text          0x0000000000009f80       0xb4 /home/prathik/qnx800_2/bsp/BSP_raspberrypi-bcm2712-rpi5_be-800_SVN1024006_JBN381/src/hardware/startup/boards/../../../../install/aarch64le/usr/lib/libstartup.a(uncompress_ucl.o)
                0x0000000000009f80                uncompress_ucl
 *fill*         0x000000000000a034      0x7cc 00000000
 .text          0x000000000000a800      0x784 /home/prathik/qnx800_2/bsp/BSP_raspberrypi-bcm2712-rpi5_be-800_SVN1024006_JBN381/src/hardware/startup/boards/../../../../install/aarch64le/usr/lib/libstartup.a(vbar_default.o)
                0x000000000000a800                vbar_default
 .text          0x000000000000af84      0x164 /home/prathik/qnx800_2/bsp/BSP_raspberrypi-bcm2712-rpi5_be-800_SVN1024006_JBN381/src/hardware/startup/boards/../../../../install/aarch64le/usr/lib/libstartup.a(_start_el1.o)
                0x000000000000af84                _start_el2_or_el1
                0x000000000000b080                drop_to_el1
                0x000000000000b098                _start_el1
 .text          0x000000000000b0e8       0x90 /home/prathik/qnx800_2/bsp/BSP_raspberrypi-bcm2712-rpi5_be-800_SVN1024006_JBN381/src/hardware/startup/boards/../../../../install/aarch64le/usr/lib/libstartup.a(aarch64_cache_flush.o)
                0x000000000000b0e8                aarch64_cache_flush
 .text          0x000000000000b178        0x0 /home/prathik/qnx800_2/bsp/BSP_raspberrypi-bcm2712-rpi5_be-800_SVN1024006_JBN381/src/hardware/startup/boards/../../../../install/aarch64le/usr/lib/libstartup.a(aarch64_cpuid.o)
 *fill*         0x000000000000b178        0x8 00000000
 .text          0x000000000000b180        0x8 /home/prathik/qnx800_2/bsp/BSP_raspberrypi-bcm2712-rpi5_be-800_SVN1024006_JBN381/src/hardware/startup/boards/../../../../install/aarch64le/usr/lib/libstartup.a(aarch64_cpuspeed.o)
                0x000000000000b180                aarch64_cpuspeed
 *fill*         0x000000000000b188        0x8 00000000
 .text          0x000000000000b190      0x6d4 /home/prathik/qnx800_2/bsp/BSP_raspberrypi-bcm2712-rpi5_be-800_SVN1024006_JBN381/src/hardware/startup/boards/../../../../install/aarch64le/usr/lib/libstartup.a(aarch64_map.o)
                0x000000000000b5d0                aarch64_map_init
                0x000000000000b6f0                aarch64_map
                0x000000000000b710                elf_vaddr_to_paddr
 *fill*         0x000000000000b864        0xc 00000000
 .text          0x000000000000b870      0x19c /home/prathik/qnx800_2/bsp/BSP_raspberrypi-bcm2712-rpi5_be-800_SVN1024006_JBN381/src/hardware/startup/boards/../../../../install/aarch64le/usr/lib/libstartup.a(add_cache.o)
                0x000000000000b8e0                add_cache_ways
                0x000000000000ba00                add_cache
 *fill*         0x000000000000ba0c        0x4 00000000
 .text          0x000000000000ba10      0x21c /home/prathik/qnx800_2/bsp/BSP_raspberrypi-bcm2712-rpi5_be-800_SVN1024006_JBN381/src/hardware/startup/boards/../../../../install/aarch64le/usr/lib/libstartup.a(add_interrupt.o)
                0x000000000000bac0                add_interrupt
                0x000000000000bbc0                add_interrupt_array
 *fill*         0x000000000000bc2c        0x4 00000000
 .text          0x000000000000bc30       0x88 /home/prathik/qnx800_2/bsp/BSP_raspberrypi-bcm2712-rpi5_be-800_SVN1024006_JBN381/src/hardware/startup/boards/../../../../install/aarch64le/usr/lib/libstartup.a(alloc_qtime.o)
                0x000000000000bc30                alloc_qtime
 *fill*         0x000000000000bcb8        0x8 00000000
 .text          0x000000000000bcc0       0x14 /home/prathik/qnx800_2/bsp/BSP_raspberrypi-bcm2712-rpi5_be-800_SVN1024006_JBN381/src/hardware/startup/boards/../../../../install/aarch64le/usr/lib/libstartup.a(ap_fail.o)
                0x000000000000bcc0                ap_fail
 *fill*         0x000000000000bcd4        0xc 00000000
 .text          0x000000000000bce0        0x4 /home/prathik/qnx800_2/bsp/BSP_raspberrypi-bcm2712-rpi5_be-800_SVN1024006_JBN381/src/hardware/startup/boards/../../../../install/aarch64le/usr/lib/libstartup.a(as_add.o)
                0x000000000000bce0                as_add
 *fill*         0x000000000000bce4        0xc 00000000
 .text          0x000000000000bcf0       0xd4 /home/prathik/qnx800_2/bsp/BSP_raspberrypi-bcm2712-rpi5_be-800_SVN1024006_JBN381/src/hardware/startup/boards/../../../../install/aarch64le/usr/lib/libstartup.a(as_add64.o)
                0x000000000000bcf0                as_add64
 *fill*         0x000000000000bdc4        0xc 00000000
 .text          0x000000000000bdd0       0x38 /home/prathik/qnx800_2/bsp/BSP_raspberrypi-bcm2712-rpi5_be-800_SVN1024006_JBN381/src/hardware/startup/boards/../../../../install/aarch64le/usr/lib/libstartup.a(as_default.o)
                0x000000000000bdd0                as_default
 *fill*         0x000000000000be08        0x8 00000000
 .text          0x000000000000be10      0x1c4 /home/prathik/qnx800_2/bsp/BSP_raspberrypi-bcm2712-rpi5_be-800_SVN1024006_JBN381/src/hardware/startup/boards/../../../../install/aarch64le/usr/lib/libstartup.a(as_find.o)
                0x000000000000be10                as_find
 *fill*         0x000000000000bfd4        0xc 00000000
 .text          0x000000000000bfe0       0x48 /home/prathik/qnx800_2/bsp/BSP_raspberrypi-bcm2712-rpi5_be-800_SVN1024006_JBN381/src/hardware/startup/boards/../../../../install/aarch64le/usr/lib/libstartup.a(board_sysctl.o)
                0x000000000000bfe0                board_mmu_enable
                0x000000000000bfe4                board_mmu_disable
                0x000000000000bff0                board_alignment_check_enable
                0x000000000000bff4                board_alignment_check_disable
                0x000000000000c000                board_dcache_enable
                0x000000000000c004                board_dcache_disable
                0x000000000000c010                board_icache_enable
                0x000000000000c014                board_icache_disable
                0x000000000000c020                board_enable_caches
                0x000000000000c024                board_disable_caches
 .text          0x000000000000c028        0x0 /home/prathik/qnx800_2/bsp/BSP_raspberrypi-bcm2712-rpi5_be-800_SVN1024006_JBN381/src/hardware/startup/boards/../../../../install/aarch64le/usr/lib/libstartup.a(boot_regs.o)
 .text          0x000000000000c028       0xd4 /home/prathik/qnx800_2/bsp/BSP_raspberrypi-bcm2712-rpi5_be-800_SVN1024006_JBN381/src/hardware/startup/boards/../../../../install/aarch64le/usr/lib/libstartup.a(callout_cache_armv8.o)
                0x000000000000c028                cache_armv8_icache
                0x000000000000c090                cache_armv8_dcache
 *fill*         0x000000000000c0fc        0x4 00000000
 .text          0x000000000000c100      0x234 /home/prathik/qnx800_2/bsp/BSP_raspberrypi-bcm2712-rpi5_be-800_SVN1024006_JBN381/src/hardware/startup/boards/../../../../install/aarch64le/usr/lib/libstartup.a(callout_interrupt_gic_v2.o)
                0x000000000000c150                interrupt_id_gic_v2_ppi
                0x000000000000c198                interrupt_id_gic_v2_spi
                0x000000000000c1c0                interrupt_eoi_gic_v2
                0x000000000000c1f0                interrupt_mask_gic_v2_ppi
                0x000000000000c238                interrupt_unmask_gic_v2_ppi
                0x000000000000c280                interrupt_mask_gic_v2_spi
                0x000000000000c2c8                interrupt_unmask_gic_v2_spi
                0x000000000000c310                interrupt_config_gic_v2_ppi
 *fill*         0x000000000000c334        0x4 00000000
 .text          0x000000000000c338       0x68 /home/prathik/qnx800_2/bsp/BSP_raspberrypi-bcm2712-rpi5_be-800_SVN1024006_JBN381/src/hardware/startup/boards/../../../../install/aarch64le/usr/lib/libstartup.a(callout_smp_spin.o)
                0x000000000000c338                smp_spin
 .text          0x000000000000c3a0       0x74 /home/prathik/qnx800_2/bsp/BSP_raspberrypi-bcm2712-rpi5_be-800_SVN1024006_JBN381/src/hardware/startup/boards/../../../../install/aarch64le/usr/lib/libstartup.a(cpu_startnext.o)
                0x000000000000c3a0                cpu_startnext
 *fill*         0x000000000000c414        0xc 00000000
 .text          0x000000000000c420      0x154 /home/prathik/qnx800_2/bsp/BSP_raspberrypi-bcm2712-rpi5_be-800_SVN1024006_JBN381/src/hardware/startup/boards/../../../../install/aarch64le/usr/lib/libstartup.a(cpu_syspage_memory.o)
                0x000000000000c420                cpu_init_syspage_memory
                0x000000000000c430                cpu_alloc_syspage_memory
                0x000000000000c564                cpu_write_syspage_memory
                0x000000000000c570                cpu_syspage_remap
 .text          0x000000000000c574        0x0 /home/prathik/qnx800_2/bsp/BSP_raspberrypi-bcm2712-rpi5_be-800_SVN1024006_JBN381/src/hardware/startup/boards/../../../../install/aarch64le/usr/lib/libstartup.a(cpuid_a35.o)
 .text          0x000000000000c574        0x0 /home/prathik/qnx800_2/bsp/BSP_raspberrypi-bcm2712-rpi5_be-800_SVN1024006_JBN381/src/hardware/startup/boards/../../../../install/aarch64le/usr/lib/libstartup.a(cpuid_a53.o)
 .text          0x000000000000c574        0x0 /home/prathik/qnx800_2/bsp/BSP_raspberrypi-bcm2712-rpi5_be-800_SVN1024006_JBN381/src/hardware/startup/boards/../../../../install/aarch64le/usr/lib/libstartup.a(cpuid_a55.o)
 .text          0x000000000000c574        0x0 /home/prathik/qnx800_2/bsp/BSP_raspberrypi-bcm2712-rpi5_be-800_SVN1024006_JBN381/src/hardware/startup/boards/../../../../install/aarch64le/usr/lib/libstartup.a(cpuid_a57.o)
 .text          0x000000000000c574        0x0 /home/prathik/qnx800_2/bsp/BSP_raspberrypi-bcm2712-rpi5_be-800_SVN1024006_JBN381/src/hardware/startup/boards/../../../../install/aarch64le/usr/lib/libstartup.a(cpuid_a72.o)
 .text          0x000000000000c574        0x0 /home/prathik/qnx800_2/bsp/BSP_raspberrypi-bcm2712-rpi5_be-800_SVN1024006_JBN381/src/hardware/startup/boards/../../../../install/aarch64le/usr/lib/libstartup.a(cpuid_a720.o)
 .text          0x000000000000c574        0x0 /home/prathik/qnx800_2/bsp/BSP_raspberrypi-bcm2712-rpi5_be-800_SVN1024006_JBN381/src/hardware/startup/boards/../../../../install/aarch64le/usr/lib/libstartup.a(cpuid_a720ae.o)
 *fill*         0x000000000000c574        0xc 00000000
 .text          0x000000000000c580        0x4 /home/prathik/qnx800_2/bsp/BSP_raspberrypi-bcm2712-rpi5_be-800_SVN1024006_JBN381/src/hardware/startup/boards/../../../../install/aarch64le/usr/lib/libstartup.a(cpuid_a75.o)
 *fill*         0x000000000000c584        0xc 00000000
 .text          0x000000000000c590        0x4 /home/prathik/qnx800_2/bsp/BSP_raspberrypi-bcm2712-rpi5_be-800_SVN1024006_JBN381/src/hardware/startup/boards/../../../../install/aarch64le/usr/lib/libstartup.a(cpuid_a76.o)
 .text          0x000000000000c594        0x0 /home/prathik/qnx800_2/bsp/BSP_raspberrypi-bcm2712-rpi5_be-800_SVN1024006_JBN381/src/hardware/startup/boards/../../../../install/aarch64le/usr/lib/libstartup.a(cpuid_a78ae.o)
 .text          0x000000000000c594        0x0 /home/prathik/qnx800_2/bsp/BSP_raspberrypi-bcm2712-rpi5_be-800_SVN1024006_JBN381/src/hardware/startup/boards/../../../../install/aarch64le/usr/lib/libstartup.a(cpuid_d15.o)
 *fill*         0x000000000000c594        0xc 00000000
 .text          0x000000000000c5a0       0x10 /home/prathik/qnx800_2/bsp/BSP_raspberrypi-bcm2712-rpi5_be-800_SVN1024006_JBN381/src/hardware/startup/boards/../../../../install/aarch64le/usr/lib/libstartup.a(cpuid_d20.o)
 .text          0x000000000000c5b0        0x0 /home/prathik/qnx800_2/bsp/BSP_raspberrypi-bcm2712-rpi5_be-800_SVN1024006_JBN381/src/hardware/startup/boards/../../../../install/aarch64le/usr/lib/libstartup.a(cpuid_n1.o)
 .text          0x000000000000c5b0        0x0 /home/prathik/qnx800_2/bsp/BSP_raspberrypi-bcm2712-rpi5_be-800_SVN1024006_JBN381/src/hardware/startup/boards/../../../../install/aarch64le/usr/lib/libstartup.a(cpuid_neo_v1.o)
 .text          0x000000000000c5b0        0x0 /home/prathik/qnx800_2/bsp/BSP_raspberrypi-bcm2712-rpi5_be-800_SVN1024006_JBN381/src/hardware/startup/boards/../../../../install/aarch64le/usr/lib/libstartup.a(cpuid_neo_v2.o)
 .text          0x000000000000c5b0        0x0 /home/prathik/qnx800_2/bsp/BSP_raspberrypi-bcm2712-rpi5_be-800_SVN1024006_JBN381/src/hardware/startup/boards/../../../../install/aarch64le/usr/lib/libstartup.a(cpuid_v8_aem.o)
 .text          0x000000000000c5b0        0x0 /home/prathik/qnx800_2/bsp/BSP_raspberrypi-bcm2712-rpi5_be-800_SVN1024006_JBN381/src/hardware/startup/boards/../../../../install/aarch64le/usr/lib/libstartup.a(cpuid_v8_fm.o)
 .text          0x000000000000c5b0        0x0 /home/prathik/qnx800_2/bsp/BSP_raspberrypi-bcm2712-rpi5_be-800_SVN1024006_JBN381/src/hardware/startup/boards/../../../../install/aarch64le/usr/lib/libstartup.a(cpuid_x2.o)
 .text          0x000000000000c5b0        0x0 /home/prathik/qnx800_2/bsp/BSP_raspberrypi-bcm2712-rpi5_be-800_SVN1024006_JBN381/src/hardware/startup/boards/../../../../install/aarch64le/usr/lib/libstartup.a(cpuid_x4.o)
 .text          0x000000000000c5b0        0x0 /home/prathik/qnx800_2/bsp/BSP_raspberrypi-bcm2712-rpi5_be-800_SVN1024006_JBN381/src/hardware/startup/boards/../../../../install/aarch64le/usr/lib/libstartup.a(cpuid_x925.o)
 .text          0x000000000000c5b0        0x8 /home/prathik/qnx800_2/bsp/BSP_raspberrypi-bcm2712-rpi5_be-800_SVN1024006_JBN381/src/hardware/startup/boards/../../../../install/aarch64le/usr/lib/libstartup.a(crash_done.o)
                0x000000000000c5b0                crash_done
 *fill*         0x000000000000c5b8        0x8 00000000
 .text          0x000000000000c5c0        0x4 /home/prathik/qnx800_2/bsp/BSP_raspberrypi-bcm2712-rpi5_be-800_SVN1024006_JBN381/src/hardware/startup/boards/../../../../install/aarch64le/usr/lib/libstartup.a(dummy_print_char.o)
                0x000000000000c5c0                dummy_print_char
 *fill*         0x000000000000c5c4        0xc 00000000
 .text          0x000000000000c5d0      0x1d0 /home/prathik/qnx800_2/bsp/BSP_raspberrypi-bcm2712-rpi5_be-800_SVN1024006_JBN381/src/hardware/startup/boards/../../../../install/aarch64le/usr/lib/libstartup.a(elf.o)
                0x000000000000c5d0                is_elf64
                0x000000000000c680                is_elf32
                0x000000000000c724                is_elf
                0x000000000000c760                load_elf
 .text          0x000000000000c7a0      0x36c /home/prathik/qnx800_2/bsp/BSP_raspberrypi-bcm2712-rpi5_be-800_SVN1024006_JBN381/src/hardware/startup/boards/../../../../install/aarch64le/usr/lib/libstartup.a(elf32.o)
                0x000000000000c7a0                load_elf32
 *fill*         0x000000000000cb0c        0x4 00000000
 .text          0x000000000000cb10      0x358 /home/prathik/qnx800_2/bsp/BSP_raspberrypi-bcm2712-rpi5_be-800_SVN1024006_JBN381/src/hardware/startup/boards/../../../../install/aarch64le/usr/lib/libstartup.a(elf64.o)
                0x000000000000cb10                load_elf64
 *fill*         0x000000000000ce68        0x8 00000000
 .text          0x000000000000ce70       0x24 /home/prathik/qnx800_2/bsp/BSP_raspberrypi-bcm2712-rpi5_be-800_SVN1024006_JBN381/src/hardware/startup/boards/../../../../install/aarch64le/usr/lib/libstartup.a(elf_map.o)
                0x000000000000ce70                elf_map
 *fill*         0x000000000000ce94        0xc 00000000
 .text          0x000000000000cea0       0xec /home/prathik/qnx800_2/bsp/BSP_raspberrypi-bcm2712-rpi5_be-800_SVN1024006_JBN381/src/hardware/startup/boards/../../../../install/aarch64le/usr/lib/libstartup.a(hwi_add_device.o)
                0x000000000000cea0                hwi_add_device
 *fill*         0x000000000000cf8c        0x4 00000000
 .text          0x000000000000cf90       0x4c /home/prathik/qnx800_2/bsp/BSP_raspberrypi-bcm2712-rpi5_be-800_SVN1024006_JBN381/src/hardware/startup/boards/../../../../install/aarch64le/usr/lib/libstartup.a(hwi_default.o)
                0x000000000000cf90                hwi_default
 *fill*         0x000000000000cfdc        0x4 00000000
 .text          0x000000000000cfe0      0x1d0 /home/prathik/qnx800_2/bsp/BSP_raspberrypi-bcm2712-rpi5_be-800_SVN1024006_JBN381/src/hardware/startup/boards/../../../../install/aarch64le/usr/lib/libstartup.a(hypervisor.o)
                0x000000000000cfe0                arch_hypervisor_validate_flags
                0x000000000000d070                arch_hypervisor_init
                0x000000000000d1a0                arch_hypervisor_syspage_init
 .text          0x000000000000d1b0       0x30 /home/prathik/qnx800_2/bsp/BSP_raspberrypi-bcm2712-rpi5_be-800_SVN1024006_JBN381/src/hardware/startup/boards/../../../../install/aarch64le/usr/lib/libstartup.a(hypervisor_enable.o)
                0x000000000000d1b0                hyp_enable_el2_host
                0x000000000000d1cc                hyp_enable_el1_host
 .text          0x000000000000d1e0       0xa0 /home/prathik/qnx800_2/bsp/BSP_raspberrypi-bcm2712-rpi5_be-800_SVN1024006_JBN381/src/hardware/startup/boards/../../../../install/aarch64le/usr/lib/libstartup.a(init_mitigation_mem.o)
                0x000000000000d1e0                init_mitigation_mem
 .text          0x000000000000d280        0x8 /home/prathik/qnx800_2/bsp/BSP_raspberrypi-bcm2712-rpi5_be-800_SVN1024006_JBN381/src/hardware/startup/boards/../../../../install/aarch64le/usr/lib/libstartup.a(rtc_time.o)
                0x000000000000d280                rtc_time
 *fill*         0x000000000000d288        0x8 00000000
 .text          0x000000000000d290       0x40 /home/prathik/qnx800_2/bsp/BSP_raspberrypi-bcm2712-rpi5_be-800_SVN1024006_JBN381/src/hardware/startup/boards/../../../../install/aarch64le/usr/lib/libstartup.a(startup_info.o)
                0x000000000000d290                find_startup_info
 .text          0x000000000000d2d0       0x5c /home/prathik/qnx800_2/bsp/BSP_raspberrypi-bcm2712-rpi5_be-800_SVN1024006_JBN381/src/hardware/startup/boards/../../../../install/aarch64le/usr/lib/libstartup.a(vstart.o)
                0x000000000000d2d0                vstart
 *fill*         0x000000000000d32c        0x4 00000000
 .text          0x000000000000d330      0x798 /home/prathik/qnx800_2/target/qnx/aarch64le/usr/lib/libucl.a(n2b_d.o)
                0x000000000000d330                ucl_nrv2b_decompress_8
                0x000000000000d540                ucl_nrv2b_decompress_le16
                0x000000000000d7b0                ucl_nrv2b_decompress_le32
 *fill*         0x000000000000dac8        0x8 00000000
 .text          0x000000000000dad0       0xf4 /home/prathik/qnx800_2/target/qnx/aarch64le/usr/lib/libdrvr.a(hwi_find_unit.o)
                0x000000000000dad0                hwi_find_unit
 *fill*         0x000000000000dbc4        0xc 00000000
 .text          0x000000000000dbd0       0xfc /home/prathik/qnx800_2/target/qnx/aarch64le/usr/lib/libdrvr.a(hwi_tag_find.o)
                0x000000000000dbd0                hwi_tag_find
 *fill*         0x000000000000dccc        0x4 00000000
 .text          0x000000000000dcd0       0x64 /home/prathik/qnx800_2/target/qnx/aarch64le/usr/lib/libdrvr.a(hwi_find_bus.o)
                0x000000000000dcd0                hwi_find_bus
 *fill*         0x000000000000dd34        0xc 00000000
 .text          0x000000000000dd40       0x64 /home/prathik/qnx800_2/target/qnx/aarch64le/usr/lib/libdrvr.a(hwi_find_device.o)
                0x000000000000dd40                hwi_find_device
 *fill*         0x000000000000dda4        0xc 00000000
 .text          0x000000000000ddb0       0xfc /home/prathik/qnx800_2/target/qnx/aarch64le/usr/lib/libdrvr.a(hwi_find.o)
                0x000000000000ddb0                hwi_find
 *fill*         0x000000000000deac        0x4 00000000
 .text          0x000000000000deb0      0x78c /home/prathik/qnx800_2/target/qnx/aarch64le/usr/lib/libfdt.a(fdt.o)
                0x000000000000deb0                fdt_ro_probe_
                0x000000000000df40                fdt_header_size_
                0x000000000000df70                fdt_header_size
                0x000000000000dfb0                fdt_check_header
                0x000000000000e0e4                fdt_offset_ptr
                0x000000000000e160                fdt_next_tag
                0x000000000000e2b4                fdt_check_node_offset_
                0x000000000000e2f4                fdt_check_prop_offset_
                0x000000000000e334                fdt_next_node
                0x000000000000e460                fdt_first_subnode
                0x000000000000e4d0                fdt_next_subnode
                0x000000000000e560                fdt_find_string_
                0x000000000000e5e4                fdt_move
 *fill*         0x000000000000e63c        0x4 00000000
 .text          0x000000000000e640     0x1a1c /home/prathik/qnx800_2/target/qnx/aarch64le/usr/lib/libfdt.a(fdt_ro.o)
                0x000000000000e6e4                fdt_get_string
                0x000000000000e9d4                fdt_string
                0x000000000000e9e0                fdt_get_mem_rsv
                0x000000000000ea50                fdt_num_mem_rsv
                0x000000000000ea90                fdt_get_name
                0x000000000000eb50                fdt_subnode_offset_namelen
                0x000000000000eca0                fdt_subnode_offset
                0x000000000000ece4                fdt_first_property_offset
                0x000000000000eda0                fdt_next_property_offset
                0x000000000000ee60                fdt_get_property_by_offset
                0x000000000000ee90                fdt_get_property_namelen
                0x000000000000eec0                fdt_get_property
                0x000000000000ef40                fdt_getprop_namelen
                0x000000000000efe0                fdt_path_offset_namelen
                0x000000000000f140                fdt_path_offset
                0x000000000000f174                fdt_getprop_by_offset
                0x000000000000f260                fdt_getprop
                0x000000000000f2b0                fdt_get_phandle
                0x000000000000f380                fdt_find_max_phandle
                0x000000000000f400                fdt_generate_phandle
                0x000000000000f490                fdt_get_alias_namelen
                0x000000000000f500                fdt_get_alias
                0x000000000000f574                fdt_get_path
                0x000000000000f730                fdt_supernode_atdepth_offset
                0x000000000000f840                fdt_node_depth
                0x000000000000f8a4                fdt_parent_offset
                0x000000000000f954                fdt_node_offset_by_prop_value
                0x000000000000fa60                fdt_node_offset_by_phandle
                0x000000000000faf0                fdt_stringlist_contains
                0x000000000000fbb0                fdt_stringlist_count
                0x000000000000fc90                fdt_stringlist_search
                0x000000000000fdc0                fdt_stringlist_get
                0x000000000000fee0                fdt_node_check_compatible
                0x000000000000ff64                fdt_node_offset_by_compatible
 *fill*         0x000000000001005c        0x4 00000000
 .text          0x0000000000010060      0x1a8 /home/prathik/qnx800_2/target/qnx/aarch64le/lib/libc.a(hwi_find_item.o)
                0x0000000000010060                hwi_find_item
 *fill*         0x0000000000010208        0x8 00000000
 .text          0x0000000000010210       0x80 /home/prathik/qnx800_2/target/qnx/aarch64le/lib/libc.a(hwi_next_tag.o)
                0x0000000000010210                hwi_next_tag
 .text          0x0000000000010290       0x24 /home/prathik/qnx800_2/target/qnx/aarch64le/lib/libc.a(hwi_off2tag.o)
                0x0000000000010290                hwi_off2tag
 *fill*         0x00000000000102b4        0xc 00000000
 .text          0x00000000000102c0       0x24 /home/prathik/qnx800_2/target/qnx/aarch64le/lib/libc.a(hwi_tag2off.o)
                0x00000000000102c0                hwi_tag2off
 *fill*         0x00000000000102e4        0xc 00000000
 .text          0x00000000000102f0       0x34 /home/prathik/qnx800_2/target/qnx/aarch64le/lib/libc.a(memchr.o)
                0x00000000000102f0                __memchr_isr
                0x00000000000102f0                memchr
 *fill*         0x0000000000010324       0x1c 00000000
 .text          0x0000000000010340      0x180 /home/prathik/qnx800_2/target/qnx/aarch64le/lib/libc.a(memcmp.o)
                0x0000000000010340                __memcmp_isr
                0x0000000000010340                memcmp
 .text          0x00000000000104c0       0xa0 /home/prathik/qnx800_2/target/qnx/aarch64le/lib/libc.a(memset.o)
                0x00000000000104c0                __memset_isr
                0x00000000000104c0                memset
 .text          0x0000000000010560       0x2c /home/prathik/qnx800_2/target/qnx/aarch64le/lib/libc.a(strchr.o)
                0x0000000000010560                __strchr_isr
                0x0000000000010560                strchr
 *fill*         0x000000000001058c       0x34 00000000
 .text          0x00000000000105c0       0xa4 /home/prathik/qnx800_2/target/qnx/aarch64le/lib/libc.a(strcmp.o)
                0x00000000000105c0                __strcmp_isr
                0x00000000000105c0                strcmp
 *fill*         0x0000000000010664        0xc 00000000
 .text          0x0000000000010670       0x54 /home/prathik/qnx800_2/target/qnx/aarch64le/lib/libc.a(strlcpy.o)
                0x0000000000010670                strlcpy
 *fill*         0x00000000000106c4       0x3c 00000000
 .text          0x0000000000010700      0x1a0 /home/prathik/qnx800_2/target/qnx/aarch64le/lib/libc.a(strlen.o)
                0x0000000000010700                __strlen_isr
                0x0000000000010700                strlen
 .text          0x00000000000108a0       0x30 /home/prathik/qnx800_2/target/qnx/aarch64le/lib/libc.a(strnlen.o)
                0x00000000000108a0                strnlen
 .text          0x00000000000108d0       0x28 /home/prathik/qnx800_2/target/qnx/aarch64le/lib/libc.a(strrchr.o)
                0x00000000000108d0                strrchr
 *fill*         0x00000000000108f8        0x8 00000000
 .text          0x0000000000010900      0x174 /home/prathik/qnx800_2/target/qnx/aarch64le/lib/libc.a(strstr.o)
                0x0000000000010900                strstr
                0x0000000000010990                strcasestr
 *fill*         0x0000000000010a74        0xc 00000000
 .text          0x0000000000010a80       0x44 /home/prathik/qnx800_2/target/qnx/aarch64le/lib/libc.a(__progname.o)
                0x0000000000010a80                getprogname
                0x0000000000010a90                setprogname
 *fill*         0x0000000000010ac4        0xc 00000000
 .text          0x0000000000010ad0       0xa4 /home/prathik/qnx800_2/target/qnx/aarch64le/lib/libc.a(_ssp.o)
                0x0000000000010ad0                __fortify_fail_extra_arg
                0x0000000000010ae4                __fortify_fail_fmt_n
                0x0000000000010b00                __fortify_fail_missing_arg
                0x0000000000010b14                __fortify_fail_overflow_dst
                0x0000000000010b30                __chk_fail
                0x0000000000010b44                __longjmp_chk_fail
                0x0000000000010b60                __stack_chk_fail
 .text          0x0000000000010b74        0x0 /home/prathik/qnx800_2/target/qnx/aarch64le/lib/libc.a(__stack_chk_guard.o)
 *fill*         0x0000000000010b74        0xc 00000000
 .text          0x0000000000010b80      0x104 /home/prathik/qnx800_2/target/qnx/aarch64le/lib/libc.a(getsubopt.o)
                0x0000000000010b80                getsubopt
 *fill*         0x0000000000010c84        0xc 00000000
 .text          0x0000000000010c90       0x34 /home/prathik/qnx800_2/target/qnx/aarch64le/lib/libc.a(xtolotab.o)
                0x0000000000010c90                _Getptolower
 *fill*         0x0000000000010cc4        0xc 00000000
 .text          0x0000000000010cd0       0x84 /home/prathik/qnx800_2/target/qnx/aarch64le/lib/libc.a(strncasecmp.o)
                0x0000000000010cd0                strncasecmp
 *fill*         0x0000000000010d54        0xc 00000000
 .text          0x0000000000010d60       0x40 /home/prathik/qnx800_2/target/qnx/aarch64le/lib/libc.a(strncmp.o)
                0x0000000000010d60                strncmp
 *(.gnu.warning)

.text.startup   0x0000000000000000      0x400
 .text.startup  0x0000000000000000      0x400 main.o
                0x0000000000000000                main

.text.unlikely  0x0000000000000000       0x10
 .text.unlikely
                0x0000000000000000       0x10 /home/prathik/qnx800_2/bsp/BSP_raspberrypi-bcm2712-rpi5_be-800_SVN1024006_JBN381/src/hardware/startup/boards/../../../../install/aarch64le/usr/lib/libstartup.a(_main.o)
                0x0000000000000000                abort

.fini
 *(SORT_NONE(.fini))

.rodata         0x0000000000000000      0x660
 *(.rodata)
 .rodata        0x0000000000000000       0x20 board_smp.o
 .rodata        0x0000000000000020      0x1c0 init_aon_gpio.o
 .rodata        0x00000000000001e0       0x48 init_hwinfo.o
 .rodata        0x0000000000000228       0x12 /home/prathik/qnx800_2/bsp/BSP_raspberrypi-bcm2712-rpi5_be-800_SVN1024006_JBN381/src/hardware/startup/boards/../../../../install/aarch64le/usr/lib/libstartup.a(as_add_containing.o)
 *fill*         0x000000000000023a        0x2 
 .rodata        0x000000000000023c       0x6c /home/prathik/qnx800_2/bsp/BSP_raspberrypi-bcm2712-rpi5_be-800_SVN1024006_JBN381/src/hardware/startup/boards/../../../../install/aarch64le/usr/lib/libstartup.a(common_options.o)
 .rodata        0x00000000000002a8       0x1a /home/prathik/qnx800_2/bsp/BSP_raspberrypi-bcm2712-rpi5_be-800_SVN1024006_JBN381/src/hardware/startup/boards/../../../../install/aarch64le/usr/lib/libstartup.a(gic_v2.o)
 *fill*         0x00000000000002c2        0x6 
 .rodata        0x00000000000002c8       0x20 /home/prathik/qnx800_2/bsp/BSP_raspberrypi-bcm2712-rpi5_be-800_SVN1024006_JBN381/src/hardware/startup/boards/../../../../install/aarch64le/usr/lib/libstartup.a(init_cpuinfo.o)
 .rodata        0x00000000000002e8       0x1c /home/prathik/qnx800_2/bsp/BSP_raspberrypi-bcm2712-rpi5_be-800_SVN1024006_JBN381/src/hardware/startup/boards/../../../../install/aarch64le/usr/lib/libstartup.a(init_mmu.o)
 *fill*         0x0000000000000304        0x4 
 .rodata        0x0000000000000308       0x11 /home/prathik/qnx800_2/bsp/BSP_raspberrypi-bcm2712-rpi5_be-800_SVN1024006_JBN381/src/hardware/startup/boards/../../../../install/aarch64le/usr/lib/libstartup.a(kprintf.o)
 *fill*         0x0000000000000319        0x3 
 .rodata        0x000000000000031c        0xf /home/prathik/qnx800_2/bsp/BSP_raspberrypi-bcm2712-rpi5_be-800_SVN1024006_JBN381/src/hardware/startup/boards/../../../../install/aarch64le/usr/lib/libstartup.a(memcpy.o)
 *fill*         0x000000000000032b        0x5 
 .rodata        0x0000000000000330        0x5 /home/prathik/qnx800_2/bsp/BSP_raspberrypi-bcm2712-rpi5_be-800_SVN1024006_JBN381/src/hardware/startup/boards/../../../../install/aarch64le/usr/lib/libstartup.a(add_interrupt.o)
 *fill*         0x0000000000000335        0x3 
 .rodata        0x0000000000000338       0x20 /home/prathik/qnx800_2/bsp/BSP_raspberrypi-bcm2712-rpi5_be-800_SVN1024006_JBN381/src/hardware/startup/boards/../../../../install/aarch64le/usr/lib/libstartup.a(as_default.o)
 .rodata        0x0000000000000358        0x8 /home/prathik/qnx800_2/bsp/BSP_raspberrypi-bcm2712-rpi5_be-800_SVN1024006_JBN381/src/hardware/startup/boards/../../../../install/aarch64le/usr/lib/libstartup.a(as_find.o)
 .rodata        0x0000000000000360      0x300 /home/prathik/qnx800_2/target/qnx/aarch64le/lib/libc.a(xtolotab.o)

.rodata.str1.8  0x0000000000000000     0x2b78
 .rodata.str1.8
                0x0000000000000000       0x82 bcm2712_init_raminfo.o
 *fill*         0x0000000000000082        0x6 
 .rodata.str1.8
                0x0000000000000088        0xe board_smp.o
 *fill*         0x0000000000000096        0x2 
 .rodata.str1.8
                0x0000000000000098      0x6a3 init_aon_gpio.o
 *fill*         0x000000000000073b        0x5 
 .rodata.str1.8
                0x0000000000000740      0x1f3 init_board_type.o
 *fill*         0x0000000000000933        0x5 
 .rodata.str1.8
                0x0000000000000938      0x28d init_hwinfo.o
 *fill*         0x0000000000000bc5        0x3 
 .rodata.str1.8
                0x0000000000000bc8       0x64 init_wdt.o
 *fill*         0x0000000000000c2c        0x4 
 .rodata.str1.8
                0x0000000000000c30       0xee main.o
 *fill*         0x0000000000000d1e        0x2 
 .rodata.str1.8
                0x0000000000000d20       0x26 /home/prathik/qnx800_2/bsp/BSP_raspberrypi-bcm2712-rpi5_be-800_SVN1024006_JBN381/src/hardware/startup/boards/../../../../install/aarch64le/usr/lib/libstartup.a(_main.o)
 *fill*         0x0000000000000d46        0x2 
 .rodata.str1.8
                0x0000000000000d48       0x16 /home/prathik/qnx800_2/bsp/BSP_raspberrypi-bcm2712-rpi5_be-800_SVN1024006_JBN381/src/hardware/startup/boards/../../../../install/aarch64le/usr/lib/libstartup.a(as_add_containing.o)
 *fill*         0x0000000000000d5e        0x2 
 .rodata.str1.8
                0x0000000000000d60       0x2e /home/prathik/qnx800_2/bsp/BSP_raspberrypi-bcm2712-rpi5_be-800_SVN1024006_JBN381/src/hardware/startup/boards/../../../../install/aarch64le/usr/lib/libstartup.a(callouts.o)
 *fill*         0x0000000000000d8e        0x2 
 .rodata.str1.8
                0x0000000000000d90       0x29 /home/prathik/qnx800_2/bsp/BSP_raspberrypi-bcm2712-rpi5_be-800_SVN1024006_JBN381/src/hardware/startup/boards/../../../../install/aarch64le/usr/lib/libstartup.a(common_options.o)
 *fill*         0x0000000000000db9        0x7 
 .rodata.str1.8
                0x0000000000000dc0       0xce /home/prathik/qnx800_2/bsp/BSP_raspberrypi-bcm2712-rpi5_be-800_SVN1024006_JBN381/src/hardware/startup/boards/../../../../install/aarch64le/usr/lib/libstartup.a(cpu_common_options.o)
 *fill*         0x0000000000000e8e        0x2 
 .rodata.str1.8
                0x0000000000000e90        0x3 /home/prathik/qnx800_2/bsp/BSP_raspberrypi-bcm2712-rpi5_be-800_SVN1024006_JBN381/src/hardware/startup/boards/../../../../install/aarch64le/usr/lib/libstartup.a(debug.o)
 *fill*         0x0000000000000e93        0x5 
 .rodata.str1.8
                0x0000000000000e98       0xe1 /home/prathik/qnx800_2/bsp/BSP_raspberrypi-bcm2712-rpi5_be-800_SVN1024006_JBN381/src/hardware/startup/boards/../../../../install/aarch64le/usr/lib/libstartup.a(fdt_init_bootopt.o)
 *fill*         0x0000000000000f79        0x7 
 .rodata.str1.8
                0x0000000000000f80       0x2c /home/prathik/qnx800_2/bsp/BSP_raspberrypi-bcm2712-rpi5_be-800_SVN1024006_JBN381/src/hardware/startup/boards/../../../../install/aarch64le/usr/lib/libstartup.a(fdt_psci_configure.o)
 *fill*         0x0000000000000fac        0x4 
 .rodata.str1.8
                0x0000000000000fb0      0x121 /home/prathik/qnx800_2/bsp/BSP_raspberrypi-bcm2712-rpi5_be-800_SVN1024006_JBN381/src/hardware/startup/boards/../../../../install/aarch64le/usr/lib/libstartup.a(gic_v2.o)
 *fill*         0x00000000000010d1        0x7 
 .rodata.str1.8
                0x00000000000010d8       0x31 /home/prathik/qnx800_2/bsp/BSP_raspberrypi-bcm2712-rpi5_be-800_SVN1024006_JBN381/src/hardware/startup/boards/../../../../install/aarch64le/usr/lib/libstartup.a(hwi_add_nanospin.o)
 *fill*         0x0000000000001109        0x7 
 .rodata.str1.8
                0x0000000000001110        0x4 /home/prathik/qnx800_2/bsp/BSP_raspberrypi-bcm2712-rpi5_be-800_SVN1024006_JBN381/src/hardware/startup/boards/../../../../install/aarch64le/usr/lib/libstartup.a(hwi_alloc.o)
 *fill*         0x0000000000001114        0x4 
 .rodata.str1.8
                0x0000000000001118        0xb /home/prathik/qnx800_2/bsp/BSP_raspberrypi-bcm2712-rpi5_be-800_SVN1024006_JBN381/src/hardware/startup/boards/../../../../install/aarch64le/usr/lib/libstartup.a(hwi_find_as.o)
 *fill*         0x0000000000001123        0x5 
 .rodata.str1.8
                0x0000000000001128       0x17 /home/prathik/qnx800_2/bsp/BSP_raspberrypi-bcm2712-rpi5_be-800_SVN1024006_JBN381/src/hardware/startup/boards/../../../../install/aarch64le/usr/lib/libstartup.a(hwidev_add.o)
 *fill*         0x000000000000113f        0x1 
 .rodata.str1.8
                0x0000000000001140       0x24 /home/prathik/qnx800_2/bsp/BSP_raspberrypi-bcm2712-rpi5_be-800_SVN1024006_JBN381/src/hardware/startup/boards/../../../../install/aarch64le/usr/lib/libstartup.a(hwitag_add_common.o)
 *fill*         0x0000000000001164        0x4 
 .rodata.str1.8
                0x0000000000001168        0x9 /home/prathik/qnx800_2/bsp/BSP_raspberrypi-bcm2712-rpi5_be-800_SVN1024006_JBN381/src/hardware/startup/boards/../../../../install/aarch64le/usr/lib/libstartup.a(hwitag_add_inputclk.o)
 *fill*         0x0000000000001171        0x7 
 .rodata.str1.8
                0x0000000000001178        0x4 /home/prathik/qnx800_2/bsp/BSP_raspberrypi-bcm2712-rpi5_be-800_SVN1024006_JBN381/src/hardware/startup/boards/../../../../install/aarch64le/usr/lib/libstartup.a(hwitag_add_irq.o)
 *fill*         0x000000000000117c        0x4 
 .rodata.str1.8
                0x0000000000001180        0x9 /home/prathik/qnx800_2/bsp/BSP_raspberrypi-bcm2712-rpi5_be-800_SVN1024006_JBN381/src/hardware/startup/boards/../../../../install/aarch64le/usr/lib/libstartup.a(hwitag_add_location.o)
 *fill*         0x0000000000001189        0x7 
 .rodata.str1.8
                0x0000000000001190        0x8 /home/prathik/qnx800_2/bsp/BSP_raspberrypi-bcm2712-rpi5_be-800_SVN1024006_JBN381/src/hardware/startup/boards/../../../../install/aarch64le/usr/lib/libstartup.a(hwitag_add_nicaddr.o)
 .rodata.str1.8
                0x0000000000001198        0xb /home/prathik/qnx800_2/bsp/BSP_raspberrypi-bcm2712-rpi5_be-800_SVN1024006_JBN381/src/hardware/startup/boards/../../../../install/aarch64le/usr/lib/libstartup.a(hwitag_add_nicphyaddr.o)
 *fill*         0x00000000000011a3        0x5 
 .rodata.str1.8
                0x00000000000011a8        0x8 /home/prathik/qnx800_2/bsp/BSP_raspberrypi-bcm2712-rpi5_be-800_SVN1024006_JBN381/src/hardware/startup/boards/../../../../install/aarch64le/usr/lib/libstartup.a(hwitag_add_regname.o)
 .rodata.str1.8
                0x00000000000011b0        0x9 /home/prathik/qnx800_2/bsp/BSP_raspberrypi-bcm2712-rpi5_be-800_SVN1024006_JBN381/src/hardware/startup/boards/../../../../install/aarch64le/usr/lib/libstartup.a(hwitag_set_inputclk.o)
 *fill*         0x00000000000011b9        0x7 
 .rodata.str1.8
                0x00000000000011c0       0x21 /home/prathik/qnx800_2/bsp/BSP_raspberrypi-bcm2712-rpi5_be-800_SVN1024006_JBN381/src/hardware/startup/boards/../../../../install/aarch64le/usr/lib/libstartup.a(hwitag_set_ivec.o)
 *fill*         0x00000000000011e1        0x7 
 .rodata.str1.8
                0x00000000000011e8       0x3a /home/prathik/qnx800_2/bsp/BSP_raspberrypi-bcm2712-rpi5_be-800_SVN1024006_JBN381/src/hardware/startup/boards/../../../../install/aarch64le/usr/lib/libstartup.a(hypervisor_setup.o)
 *fill*         0x0000000000001222        0x6 
 .rodata.str1.8
                0x0000000000001228      0x1c5 /home/prathik/qnx800_2/bsp/BSP_raspberrypi-bcm2712-rpi5_be-800_SVN1024006_JBN381/src/hardware/startup/boards/../../../../install/aarch64le/usr/lib/libstartup.a(init_cpuinfo.o)
 *fill*         0x00000000000013ed        0x3 
 .rodata.str1.8
                0x00000000000013f0       0x27 /home/prathik/qnx800_2/bsp/BSP_raspberrypi-bcm2712-rpi5_be-800_SVN1024006_JBN381/src/hardware/startup/boards/../../../../install/aarch64le/usr/lib/libstartup.a(init_mmu.o)
 *fill*         0x0000000000001417        0x1 
 .rodata.str1.8
                0x0000000000001418      0x146 /home/prathik/qnx800_2/bsp/BSP_raspberrypi-bcm2712-rpi5_be-800_SVN1024006_JBN381/src/hardware/startup/boards/../../../../install/aarch64le/usr/lib/libstartup.a(init_system_private.o)
 *fill*         0x000000000000155e        0x2 
 .rodata.str1.8
                0x0000000000001560       0x19 /home/prathik/qnx800_2/bsp/BSP_raspberrypi-bcm2712-rpi5_be-800_SVN1024006_JBN381/src/hardware/startup/boards/../../../../install/aarch64le/usr/lib/libstartup.a(invert_timer_freq.o)
 *fill*         0x0000000000001579        0x7 
 .rodata.str1.8
                0x0000000000001580       0xde /home/prathik/qnx800_2/bsp/BSP_raspberrypi-bcm2712-rpi5_be-800_SVN1024006_JBN381/src/hardware/startup/boards/../../../../install/aarch64le/usr/lib/libstartup.a(load_ifs.o)
 *fill*         0x000000000000165e        0x2 
 .rodata.str1.8
                0x0000000000001660      0x7e3 /home/prathik/qnx800_2/bsp/BSP_raspberrypi-bcm2712-rpi5_be-800_SVN1024006_JBN381/src/hardware/startup/boards/../../../../install/aarch64le/usr/lib/libstartup.a(print_sysp.o)
 *fill*         0x0000000000001e43        0x5 
 .rodata.str1.8
                0x0000000000001e48      0x111 /home/prathik/qnx800_2/bsp/BSP_raspberrypi-bcm2712-rpi5_be-800_SVN1024006_JBN381/src/hardware/startup/boards/../../../../install/aarch64le/usr/lib/libstartup.a(ram.o)
 *fill*         0x0000000000001f59        0x7 
 .rodata.str1.8
                0x0000000000001f60      0x4e9 /home/prathik/qnx800_2/bsp/BSP_raspberrypi-bcm2712-rpi5_be-800_SVN1024006_JBN381/src/hardware/startup/boards/../../../../install/aarch64le/usr/lib/libstartup.a(restore_ifs.o)
 *fill*         0x0000000000002449        0x7 
 .rodata.str1.8
                0x0000000000002450       0x1c /home/prathik/qnx800_2/bsp/BSP_raspberrypi-bcm2712-rpi5_be-800_SVN1024006_JBN381/src/hardware/startup/boards/../../../../install/aarch64le/usr/lib/libstartup.a(ssp.o)
 *fill*         0x000000000000246c        0x4 
 .rodata.str1.8
                0x0000000000002470       0x6a /home/prathik/qnx800_2/bsp/BSP_raspberrypi-bcm2712-rpi5_be-800_SVN1024006_JBN381/src/hardware/startup/boards/../../../../install/aarch64le/usr/lib/libstartup.a(startnext.o)
 *fill*         0x00000000000024da        0x6 
 .rodata.str1.8
                0x00000000000024e0       0x3b /home/prathik/qnx800_2/bsp/BSP_raspberrypi-bcm2712-rpi5_be-800_SVN1024006_JBN381/src/hardware/startup/boards/../../../../install/aarch64le/usr/lib/libstartup.a(syspage_memory.o)
 *fill*         0x000000000000251b        0x5 
 .rodata.str1.8
                0x0000000000002520       0x35 /home/prathik/qnx800_2/bsp/BSP_raspberrypi-bcm2712-rpi5_be-800_SVN1024006_JBN381/src/hardware/startup/boards/../../../../install/aarch64le/usr/lib/libstartup.a(uncompress.o)
 *fill*         0x0000000000002555        0x3 
 .rodata.str1.8
                0x0000000000002558        0x5 /home/prathik/qnx800_2/bsp/BSP_raspberrypi-bcm2712-rpi5_be-800_SVN1024006_JBN381/src/hardware/startup/boards/../../../../install/aarch64le/usr/lib/libstartup.a(uncompress_ucl.o)
 *fill*         0x000000000000255d        0x3 
 .rodata.str1.8
                0x0000000000002560       0xcc /home/prathik/qnx800_2/bsp/BSP_raspberrypi-bcm2712-rpi5_be-800_SVN1024006_JBN381/src/hardware/startup/boards/../../../../install/aarch64le/usr/lib/libstartup.a(aarch64_map.o)
 *fill*         0x000000000000262c        0x4 
 .rodata.str1.8
                0x0000000000002630       0x16 /home/prathik/qnx800_2/bsp/BSP_raspberrypi-bcm2712-rpi5_be-800_SVN1024006_JBN381/src/hardware/startup/boards/../../../../install/aarch64le/usr/lib/libstartup.a(ap_fail.o)
 *fill*         0x0000000000002646        0x2 
 .rodata.str1.8
                0x0000000000002648        0x3 /home/prathik/qnx800_2/bsp/BSP_raspberrypi-bcm2712-rpi5_be-800_SVN1024006_JBN381/src/hardware/startup/boards/../../../../install/aarch64le/usr/lib/libstartup.a(as_add64.o)
 *fill*         0x000000000000264b        0x5 
 .rodata.str1.8
                0x0000000000002650        0x7 /home/prathik/qnx800_2/bsp/BSP_raspberrypi-bcm2712-rpi5_be-800_SVN1024006_JBN381/src/hardware/startup/boards/../../../../install/aarch64le/usr/lib/libstartup.a(as_default.o)
 *fill*         0x0000000000002657        0x1 
 .rodata.str1.8
                0x0000000000002658       0x30 /home/prathik/qnx800_2/bsp/BSP_raspberrypi-bcm2712-rpi5_be-800_SVN1024006_JBN381/src/hardware/startup/boards/../../../../install/aarch64le/usr/lib/libstartup.a(as_find.o)
 .rodata.str1.8
                0x0000000000002688       0x33 /home/prathik/qnx800_2/bsp/BSP_raspberrypi-bcm2712-rpi5_be-800_SVN1024006_JBN381/src/hardware/startup/boards/../../../../install/aarch64le/usr/lib/libstartup.a(cpu_syspage_memory.o)
 *fill*         0x00000000000026bb        0x5 
 .rodata.str1.8
                0x00000000000026c0        0xb /home/prathik/qnx800_2/bsp/BSP_raspberrypi-bcm2712-rpi5_be-800_SVN1024006_JBN381/src/hardware/startup/boards/../../../../install/aarch64le/usr/lib/libstartup.a(cpuid_a35.o)
 *fill*         0x00000000000026cb        0x5 
 .rodata.str1.8
                0x00000000000026d0        0xb /home/prathik/qnx800_2/bsp/BSP_raspberrypi-bcm2712-rpi5_be-800_SVN1024006_JBN381/src/hardware/startup/boards/../../../../install/aarch64le/usr/lib/libstartup.a(cpuid_a53.o)
 *fill*         0x00000000000026db        0x5 
 .rodata.str1.8
                0x00000000000026e0        0xb /home/prathik/qnx800_2/bsp/BSP_raspberrypi-bcm2712-rpi5_be-800_SVN1024006_JBN381/src/hardware/startup/boards/../../../../install/aarch64le/usr/lib/libstartup.a(cpuid_a55.o)
 *fill*         0x00000000000026eb        0x5 
 .rodata.str1.8
                0x00000000000026f0        0xb /home/prathik/qnx800_2/bsp/BSP_raspberrypi-bcm2712-rpi5_be-800_SVN1024006_JBN381/src/hardware/startup/boards/../../../../install/aarch64le/usr/lib/libstartup.a(cpuid_a57.o)
 *fill*         0x00000000000026fb        0x5 
 .rodata.str1.8
                0x0000000000002700        0xb /home/prathik/qnx800_2/bsp/BSP_raspberrypi-bcm2712-rpi5_be-800_SVN1024006_JBN381/src/hardware/startup/boards/../../../../install/aarch64le/usr/lib/libstartup.a(cpuid_a72.o)
 *fill*         0x000000000000270b        0x5 
 .rodata.str1.8
                0x0000000000002710        0xc /home/prathik/qnx800_2/bsp/BSP_raspberrypi-bcm2712-rpi5_be-800_SVN1024006_JBN381/src/hardware/startup/boards/../../../../install/aarch64le/usr/lib/libstartup.a(cpuid_a720.o)
 *fill*         0x000000000000271c        0x4 
 .rodata.str1.8
                0x0000000000002720        0xe /home/prathik/qnx800_2/bsp/BSP_raspberrypi-bcm2712-rpi5_be-800_SVN1024006_JBN381/src/hardware/startup/boards/../../../../install/aarch64le/usr/lib/libstartup.a(cpuid_a720ae.o)
 *fill*         0x000000000000272e        0x2 
 .rodata.str1.8
                0x0000000000002730        0xb /home/prathik/qnx800_2/bsp/BSP_raspberrypi-bcm2712-rpi5_be-800_SVN1024006_JBN381/src/hardware/startup/boards/../../../../install/aarch64le/usr/lib/libstartup.a(cpuid_a75.o)
 *fill*         0x000000000000273b        0x5 
 .rodata.str1.8
                0x0000000000002740        0xb /home/prathik/qnx800_2/bsp/BSP_raspberrypi-bcm2712-rpi5_be-800_SVN1024006_JBN381/src/hardware/startup/boards/../../../../install/aarch64le/usr/lib/libstartup.a(cpuid_a76.o)
 *fill*         0x000000000000274b        0x5 
 .rodata.str1.8
                0x0000000000002750        0xd /home/prathik/qnx800_2/bsp/BSP_raspberrypi-bcm2712-rpi5_be-800_SVN1024006_JBN381/src/hardware/startup/boards/../../../../install/aarch64le/usr/lib/libstartup.a(cpuid_a78ae.o)
 *fill*         0x000000000000275d        0x3 
 .rodata.str1.8
                0x0000000000002760        0xb /home/prathik/qnx800_2/bsp/BSP_raspberrypi-bcm2712-rpi5_be-800_SVN1024006_JBN381/src/hardware/startup/boards/../../../../install/aarch64le/usr/lib/libstartup.a(cpuid_d15.o)
 *fill*         0x000000000000276b        0x5 
 .rodata.str1.8
                0x0000000000002770        0xb /home/prathik/qnx800_2/bsp/BSP_raspberrypi-bcm2712-rpi5_be-800_SVN1024006_JBN381/src/hardware/startup/boards/../../../../install/aarch64le/usr/lib/libstartup.a(cpuid_d20.o)
 *fill*         0x000000000000277b        0x5 
 .rodata.str1.8
                0x0000000000002780        0x9 /home/prathik/qnx800_2/bsp/BSP_raspberrypi-bcm2712-rpi5_be-800_SVN1024006_JBN381/src/hardware/startup/boards/../../../../install/aarch64le/usr/lib/libstartup.a(cpuid_n1.o)
 *fill*         0x0000000000002789        0x7 
 .rodata.str1.8
                0x0000000000002790        0xa /home/prathik/qnx800_2/bsp/BSP_raspberrypi-bcm2712-rpi5_be-800_SVN1024006_JBN381/src/hardware/startup/boards/../../../../install/aarch64le/usr/lib/libstartup.a(cpuid_neo_v1.o)
 *fill*         0x000000000000279a        0x6 
 .rodata.str1.8
                0x00000000000027a0        0x8 /home/prathik/qnx800_2/bsp/BSP_raspberrypi-bcm2712-rpi5_be-800_SVN1024006_JBN381/src/hardware/startup/boards/../../../../install/aarch64le/usr/lib/libstartup.a(cpuid_neo_v2.o)
 .rodata.str1.8
                0x00000000000027a8        0xa /home/prathik/qnx800_2/bsp/BSP_raspberrypi-bcm2712-rpi5_be-800_SVN1024006_JBN381/src/hardware/startup/boards/../../../../install/aarch64le/usr/lib/libstartup.a(cpuid_v8_aem.o)
 *fill*         0x00000000000027b2        0x6 
 .rodata.str1.8
                0x00000000000027b8        0x9 /home/prathik/qnx800_2/bsp/BSP_raspberrypi-bcm2712-rpi5_be-800_SVN1024006_JBN381/src/hardware/startup/boards/../../../../install/aarch64le/usr/lib/libstartup.a(cpuid_v8_fm.o)
 *fill*         0x00000000000027c1        0x7 
 .rodata.str1.8
                0x00000000000027c8        0x9 /home/prathik/qnx800_2/bsp/BSP_raspberrypi-bcm2712-rpi5_be-800_SVN1024006_JBN381/src/hardware/startup/boards/../../../../install/aarch64le/usr/lib/libstartup.a(cpuid_x2.o)
 *fill*         0x00000000000027d1        0x7 
 .rodata.str1.8
                0x00000000000027d8        0xa /home/prathik/qnx800_2/bsp/BSP_raspberrypi-bcm2712-rpi5_be-800_SVN1024006_JBN381/src/hardware/startup/boards/../../../../install/aarch64le/usr/lib/libstartup.a(cpuid_x4.o)
 *fill*         0x00000000000027e2        0x6 
 .rodata.str1.8
                0x00000000000027e8        0xc /home/prathik/qnx800_2/bsp/BSP_raspberrypi-bcm2712-rpi5_be-800_SVN1024006_JBN381/src/hardware/startup/boards/../../../../install/aarch64le/usr/lib/libstartup.a(cpuid_x925.o)
 *fill*         0x00000000000027f4        0x4 
 .rodata.str1.8
                0x00000000000027f8       0x1f /home/prathik/qnx800_2/bsp/BSP_raspberrypi-bcm2712-rpi5_be-800_SVN1024006_JBN381/src/hardware/startup/boards/../../../../install/aarch64le/usr/lib/libstartup.a(hwi_add_device.o)
 *fill*         0x0000000000002817        0x1 
 .rodata.str1.8
                0x0000000000002818       0x1c /home/prathik/qnx800_2/bsp/BSP_raspberrypi-bcm2712-rpi5_be-800_SVN1024006_JBN381/src/hardware/startup/boards/../../../../install/aarch64le/usr/lib/libstartup.a(hwi_default.o)
 *fill*         0x0000000000002834        0x4 
 .rodata.str1.8
                0x0000000000002838      0x18a /home/prathik/qnx800_2/bsp/BSP_raspberrypi-bcm2712-rpi5_be-800_SVN1024006_JBN381/src/hardware/startup/boards/../../../../install/aarch64le/usr/lib/libstartup.a(hypervisor.o)
 *fill*         0x00000000000029c2        0x6 
 .rodata.str1.8
                0x00000000000029c8       0x57 /home/prathik/qnx800_2/bsp/BSP_raspberrypi-bcm2712-rpi5_be-800_SVN1024006_JBN381/src/hardware/startup/boards/../../../../install/aarch64le/usr/lib/libstartup.a(init_mitigation_mem.o)
 *fill*         0x0000000000002a1f        0x1 
 .rodata.str1.8
                0x0000000000002a20        0xf /home/prathik/qnx800_2/target/qnx/aarch64le/usr/lib/libdrvr.a(hwi_find_unit.o)
 *fill*         0x0000000000002a2f        0x1 
 .rodata.str1.8
                0x0000000000002a30        0x4 /home/prathik/qnx800_2/target/qnx/aarch64le/usr/lib/libdrvr.a(hwi_find_bus.o)
 *fill*         0x0000000000002a34        0x4 
 .rodata.str1.8
                0x0000000000002a38        0x7 /home/prathik/qnx800_2/target/qnx/aarch64le/usr/lib/libdrvr.a(hwi_find_device.o)
 *fill*         0x0000000000002a3f        0x1 
 .rodata.str1.8
                0x0000000000002a40        0x8 /home/prathik/qnx800_2/target/qnx/aarch64le/usr/lib/libdrvr.a(hwi_find.o)
 .rodata.str1.8
                0x0000000000002a48       0x33 /home/prathik/qnx800_2/target/qnx/aarch64le/usr/lib/libfdt.a(fdt_ro.o)
 *fill*         0x0000000000002a7b        0x5 
 .rodata.str1.8
                0x0000000000002a80       0xf8 /home/prathik/qnx800_2/target/qnx/aarch64le/lib/libc.a(_ssp.o)

.rodata1
 *(.rodata1)

.eh_frame_hdr
 *(.eh_frame_hdr)

.eh_frame       0x0000000000000000     0x3e00
 *(.eh_frame)
 .eh_frame      0x0000000000000000       0x50 bcm2712_init_raminfo.o
 .eh_frame      0x0000000000000050       0x88 board_smp.o
 .eh_frame      0x00000000000000d8      0x110 init_aon_gpio.o
 .eh_frame      0x00000000000001e8       0x28 init_asinfo.o
 .eh_frame      0x0000000000000210       0xb8 init_board_type.o
 .eh_frame      0x00000000000002c8       0xb0 init_hwinfo.o
 .eh_frame      0x0000000000000378       0x38 init_intrinfo.o
 .eh_frame      0x00000000000003b0       0x48 init_wdt.o
 .eh_frame      0x00000000000003f8       0x98 main.o
 .eh_frame      0x0000000000000490      0x1c0 mbox.o
 .eh_frame      0x0000000000000650       0x98 /home/prathik/qnx800_2/bsp/BSP_raspberrypi-bcm2712-rpi5_be-800_SVN1024006_JBN381/src/hardware/startup/boards/../../../../install/aarch64le/usr/lib/libstartup.a(_main.o)
 .eh_frame      0x00000000000006e8       0x60 /home/prathik/qnx800_2/bsp/BSP_raspberrypi-bcm2712-rpi5_be-800_SVN1024006_JBN381/src/hardware/startup/boards/../../../../install/aarch64le/usr/lib/libstartup.a(as_add_containing.o)
 .eh_frame      0x0000000000000748       0x70 /home/prathik/qnx800_2/bsp/BSP_raspberrypi-bcm2712-rpi5_be-800_SVN1024006_JBN381/src/hardware/startup/boards/../../../../install/aarch64le/usr/lib/libstartup.a(as_find_containing.o)
 .eh_frame      0x00000000000007b8       0x28 /home/prathik/qnx800_2/bsp/BSP_raspberrypi-bcm2712-rpi5_be-800_SVN1024006_JBN381/src/hardware/startup/boards/../../../../install/aarch64le/usr/lib/libstartup.a(as_off2info.o)
 .eh_frame      0x00000000000007e0       0x28 /home/prathik/qnx800_2/bsp/BSP_raspberrypi-bcm2712-rpi5_be-800_SVN1024006_JBN381/src/hardware/startup/boards/../../../../install/aarch64le/usr/lib/libstartup.a(board_init.o)
 .eh_frame      0x0000000000000808       0xa8 /home/prathik/qnx800_2/bsp/BSP_raspberrypi-bcm2712-rpi5_be-800_SVN1024006_JBN381/src/hardware/startup/boards/../../../../install/aarch64le/usr/lib/libstartup.a(bootstrap_cmdline.o)
 .eh_frame      0x00000000000008b0      0x190 /home/prathik/qnx800_2/bsp/BSP_raspberrypi-bcm2712-rpi5_be-800_SVN1024006_JBN381/src/hardware/startup/boards/../../../../install/aarch64le/usr/lib/libstartup.a(callouts.o)
 .eh_frame      0x0000000000000a40      0x120 /home/prathik/qnx800_2/bsp/BSP_raspberrypi-bcm2712-rpi5_be-800_SVN1024006_JBN381/src/hardware/startup/boards/../../../../install/aarch64le/usr/lib/libstartup.a(common_options.o)
 .eh_frame      0x0000000000000b60       0x48 /home/prathik/qnx800_2/bsp/BSP_raspberrypi-bcm2712-rpi5_be-800_SVN1024006_JBN381/src/hardware/startup/boards/../../../../install/aarch64le/usr/lib/libstartup.a(cpu_cluster_add.o)
 .eh_frame      0x0000000000000ba8       0x38 /home/prathik/qnx800_2/bsp/BSP_raspberrypi-bcm2712-rpi5_be-800_SVN1024006_JBN381/src/hardware/startup/boards/../../../../install/aarch64le/usr/lib/libstartup.a(cpu_common_options.o)
 .eh_frame      0x0000000000000be0       0x40 /home/prathik/qnx800_2/bsp/BSP_raspberrypi-bcm2712-rpi5_be-800_SVN1024006_JBN381/src/hardware/startup/boards/../../../../install/aarch64le/usr/lib/libstartup.a(cpu_startup.o)
 .eh_frame      0x0000000000000c20       0x48 /home/prathik/qnx800_2/bsp/BSP_raspberrypi-bcm2712-rpi5_be-800_SVN1024006_JBN381/src/hardware/startup/boards/../../../../install/aarch64le/usr/lib/libstartup.a(debug.o)
 .eh_frame      0x0000000000000c68       0x70 /home/prathik/qnx800_2/bsp/BSP_raspberrypi-bcm2712-rpi5_be-800_SVN1024006_JBN381/src/hardware/startup/boards/../../../../install/aarch64le/usr/lib/libstartup.a(fdt_init_bootopt.o)
 .eh_frame      0x0000000000000cd8       0x50 /home/prathik/qnx800_2/bsp/BSP_raspberrypi-bcm2712-rpi5_be-800_SVN1024006_JBN381/src/hardware/startup/boards/../../../../install/aarch64le/usr/lib/libstartup.a(fdt_psci_configure.o)
 .eh_frame      0x0000000000000d28       0x28 /home/prathik/qnx800_2/bsp/BSP_raspberrypi-bcm2712-rpi5_be-800_SVN1024006_JBN381/src/hardware/startup/boards/../../../../install/aarch64le/usr/lib/libstartup.a(getopt.o)
 .eh_frame      0x0000000000000d50       0x38 /home/prathik/qnx800_2/bsp/BSP_raspberrypi-bcm2712-rpi5_be-800_SVN1024006_JBN381/src/hardware/startup/boards/../../../../install/aarch64le/usr/lib/libstartup.a(getsize.o)
 .eh_frame      0x0000000000000d88       0xb8 /home/prathik/qnx800_2/bsp/BSP_raspberrypi-bcm2712-rpi5_be-800_SVN1024006_JBN381/src/hardware/startup/boards/../../../../install/aarch64le/usr/lib/libstartup.a(gic_v2.o)
 .eh_frame      0x0000000000000e40       0x90 /home/prathik/qnx800_2/bsp/BSP_raspberrypi-bcm2712-rpi5_be-800_SVN1024006_JBN381/src/hardware/startup/boards/../../../../install/aarch64le/usr/lib/libstartup.a(hw_serpl011.o)
 .eh_frame      0x0000000000000ed0       0x38 /home/prathik/qnx800_2/bsp/BSP_raspberrypi-bcm2712-rpi5_be-800_SVN1024006_JBN381/src/hardware/startup/boards/../../../../install/aarch64le/usr/lib/libstartup.a(hwi_add_nanospin.o)
 .eh_frame      0x0000000000000f08       0xc0 /home/prathik/qnx800_2/bsp/BSP_raspberrypi-bcm2712-rpi5_be-800_SVN1024006_JBN381/src/hardware/startup/boards/../../../../install/aarch64le/usr/lib/libstartup.a(hwi_alloc.o)
 .eh_frame      0x0000000000000fc8       0x28 /home/prathik/qnx800_2/bsp/BSP_raspberrypi-bcm2712-rpi5_be-800_SVN1024006_JBN381/src/hardware/startup/boards/../../../../install/aarch64le/usr/lib/libstartup.a(hwi_find_as.o)
 .eh_frame      0x0000000000000ff0       0x48 /home/prathik/qnx800_2/bsp/BSP_raspberrypi-bcm2712-rpi5_be-800_SVN1024006_JBN381/src/hardware/startup/boards/../../../../install/aarch64le/usr/lib/libstartup.a(hwidev_add.o)
 .eh_frame      0x0000000000001038       0x40 /home/prathik/qnx800_2/bsp/BSP_raspberrypi-bcm2712-rpi5_be-800_SVN1024006_JBN381/src/hardware/startup/boards/../../../../install/aarch64le/usr/lib/libstartup.a(hwidev_add_enet.o)
 .eh_frame      0x0000000000001078       0x48 /home/prathik/qnx800_2/bsp/BSP_raspberrypi-bcm2712-rpi5_be-800_SVN1024006_JBN381/src/hardware/startup/boards/../../../../install/aarch64le/usr/lib/libstartup.a(hwidev_add_timer.o)
 .eh_frame      0x00000000000010c0       0x58 /home/prathik/qnx800_2/bsp/BSP_raspberrypi-bcm2712-rpi5_be-800_SVN1024006_JBN381/src/hardware/startup/boards/../../../../install/aarch64le/usr/lib/libstartup.a(hwitag_add_common.o)
 .eh_frame      0x0000000000001118       0x38 /home/prathik/qnx800_2/bsp/BSP_raspberrypi-bcm2712-rpi5_be-800_SVN1024006_JBN381/src/hardware/startup/boards/../../../../install/aarch64le/usr/lib/libstartup.a(hwitag_add_inputclk.o)
 .eh_frame      0x0000000000001150       0x38 /home/prathik/qnx800_2/bsp/BSP_raspberrypi-bcm2712-rpi5_be-800_SVN1024006_JBN381/src/hardware/startup/boards/../../../../install/aarch64le/usr/lib/libstartup.a(hwitag_add_irq.o)
 .eh_frame      0x0000000000001188       0x40 /home/prathik/qnx800_2/bsp/BSP_raspberrypi-bcm2712-rpi5_be-800_SVN1024006_JBN381/src/hardware/startup/boards/../../../../install/aarch64le/usr/lib/libstartup.a(hwitag_add_location.o)
 .eh_frame      0x00000000000011c8       0x38 /home/prathik/qnx800_2/bsp/BSP_raspberrypi-bcm2712-rpi5_be-800_SVN1024006_JBN381/src/hardware/startup/boards/../../../../install/aarch64le/usr/lib/libstartup.a(hwitag_add_nicaddr.o)
 .eh_frame      0x0000000000001200       0x38 /home/prathik/qnx800_2/bsp/BSP_raspberrypi-bcm2712-rpi5_be-800_SVN1024006_JBN381/src/hardware/startup/boards/../../../../install/aarch64le/usr/lib/libstartup.a(hwitag_add_nicphyaddr.o)
 .eh_frame      0x0000000000001238       0x38 /home/prathik/qnx800_2/bsp/BSP_raspberrypi-bcm2712-rpi5_be-800_SVN1024006_JBN381/src/hardware/startup/boards/../../../../install/aarch64le/usr/lib/libstartup.a(hwitag_add_regname.o)
 .eh_frame      0x0000000000001270       0x38 /home/prathik/qnx800_2/bsp/BSP_raspberrypi-bcm2712-rpi5_be-800_SVN1024006_JBN381/src/hardware/startup/boards/../../../../install/aarch64le/usr/lib/libstartup.a(hwitag_set_inputclk.o)
 .eh_frame      0x00000000000012a8       0x48 /home/prathik/qnx800_2/bsp/BSP_raspberrypi-bcm2712-rpi5_be-800_SVN1024006_JBN381/src/hardware/startup/boards/../../../../install/aarch64le/usr/lib/libstartup.a(hwitag_set_ivec.o)
 .eh_frame      0x00000000000012f0       0x80 /home/prathik/qnx800_2/bsp/BSP_raspberrypi-bcm2712-rpi5_be-800_SVN1024006_JBN381/src/hardware/startup/boards/../../../../install/aarch64le/usr/lib/libstartup.a(hypervisor_setup.o)
 .eh_frame      0x0000000000001370       0x28 /home/prathik/qnx800_2/bsp/BSP_raspberrypi-bcm2712-rpi5_be-800_SVN1024006_JBN381/src/hardware/startup/boards/../../../../install/aarch64le/usr/lib/libstartup.a(init_cacheattr.o)
 .eh_frame      0x0000000000001398       0x78 /home/prathik/qnx800_2/bsp/BSP_raspberrypi-bcm2712-rpi5_be-800_SVN1024006_JBN381/src/hardware/startup/boards/../../../../install/aarch64le/usr/lib/libstartup.a(init_cpuinfo.o)
 .eh_frame      0x0000000000001410       0x38 /home/prathik/qnx800_2/bsp/BSP_raspberrypi-bcm2712-rpi5_be-800_SVN1024006_JBN381/src/hardware/startup/boards/../../../../install/aarch64le/usr/lib/libstartup.a(init_mmu.o)
 .eh_frame      0x0000000000001448       0x28 /home/prathik/qnx800_2/bsp/BSP_raspberrypi-bcm2712-rpi5_be-800_SVN1024006_JBN381/src/hardware/startup/boards/../../../../install/aarch64le/usr/lib/libstartup.a(init_qtime.o)
 .eh_frame      0x0000000000001470       0x68 /home/prathik/qnx800_2/bsp/BSP_raspberrypi-bcm2712-rpi5_be-800_SVN1024006_JBN381/src/hardware/startup/boards/../../../../install/aarch64le/usr/lib/libstartup.a(init_qtime_v8gt.o)
 .eh_frame      0x00000000000014d8       0xa8 /home/prathik/qnx800_2/bsp/BSP_raspberrypi-bcm2712-rpi5_be-800_SVN1024006_JBN381/src/hardware/startup/boards/../../../../install/aarch64le/usr/lib/libstartup.a(init_smp.o)
 .eh_frame      0x0000000000001580       0x58 /home/prathik/qnx800_2/bsp/BSP_raspberrypi-bcm2712-rpi5_be-800_SVN1024006_JBN381/src/hardware/startup/boards/../../../../install/aarch64le/usr/lib/libstartup.a(init_system_private.o)
 .eh_frame      0x00000000000015d8       0x30 /home/prathik/qnx800_2/bsp/BSP_raspberrypi-bcm2712-rpi5_be-800_SVN1024006_JBN381/src/hardware/startup/boards/../../../../install/aarch64le/usr/lib/libstartup.a(invert_timer_freq.o)
 .eh_frame      0x0000000000001608       0x68 /home/prathik/qnx800_2/bsp/BSP_raspberrypi-bcm2712-rpi5_be-800_SVN1024006_JBN381/src/hardware/startup/boards/../../../../install/aarch64le/usr/lib/libstartup.a(jtag.o)
 .eh_frame      0x0000000000001670      0x160 /home/prathik/qnx800_2/bsp/BSP_raspberrypi-bcm2712-rpi5_be-800_SVN1024006_JBN381/src/hardware/startup/boards/../../../../install/aarch64le/usr/lib/libstartup.a(kprintf.o)